74.6.29.29 - - [15/Dec/2007:14:20:42 -0800] "GET /index.cgi?action=edit;id=Bethlehem_Covenant_Church HTTP/1.0" 200 10683 "-" "Mozilla/5.0 (compatible; Yahoo! Slurp; http://help.yahoo.com/help/us/ysearch/slurp)"
24.245.58.10 - - [15/Dec/2007:14:20:51 -0800] "GET /index.cgi?Asia_Grill_Express HTTP/1.1" 200 8809 "http://www.google.com/search?hl=en&q=%22asia+grill+express%22&btnG=Search" "Mozilla/5.0 (Windows; U; Windows NT 5.1; en-US; rv:1.8.1.11) Gecko/20071127 Firefox/2.0.0.11"
24.245.58.10 - - [15/Dec/2007:14:20:51 -0800] "GET /style/main.css HTTP/1.1" 200 6526 "http://saintpaul.openguides.org/index.cgi?Asia_Grill_Express" "Mozilla/5.0 (Windows; U; Windows NT 5.1; en-US; rv:1.8.1.11) Gecko/20071127 Firefox/2.0.0.11"
24.245.58.10 - - [15/Dec/2007:14:20:52 -0800] "GET /favicon.ico HTTP/1.1" 200 0 "-" "Mozilla/5.0 (Windows; U; Windows NT 5.1; en-US; rv:1.8.1.11) Gecko/20071127 Firefox/2.0.0.11"
24.245.58.10 - - [15/Dec/2007:14:20:53 -0800] "GET /images/ogsp_banner.jpg HTTP/1.1" 200 206115 "http://saintpaul.openguides.org/style/main.css" "Mozilla/5.0 (Windows; U; Windows NT 5.1; en-US; rv:1.8.1.11) Gecko/20071127 Firefox/2.0.0.11"
74.6.28.114 - - [15/Dec/2007:14:21:26 -0800] "GET /index.cgi?Category_African_Food HTTP/1.0" 200 8648 "-" "Mozilla/5.0 (compatible; Yahoo! Slurp; http://help.yahoo.com/help/us/ysearch/slurp)"
66.249.70.194 - - [15/Dec/2007:14:21:40 -0800] "GET /index.cgi?action=rc;format=rss;locale=greater%20east%20side HTTP/1.1" 200 2077 "-" "Mozilla/5.0 (compatible; Googlebot/2.1; +http://www.google.com/bot.html)"
66.249.70.194 - - [15/Dec/2007:14:23:27 -0800] "GET /index.cgi?action=list_all_versions;id=Edgewater_Baptist_Church HTTP/1.1" 200 7876 "-" "Mozilla/5.0 (compatible; Googlebot/2.1; +http://www.google.com/bot.html)"
66.249.70.194 - - [15/Dec/2007:14:25:14 -0800] "GET /index.cgi?id=128_Cafe;format=rdf HTTP/1.1" 200 2410 "-" "Mozilla/5.0 (compatible; Googlebot/2.1; +http://www.google.com/bot.html)"
74.6.23.24 - - [15/Dec/2007:14:25:17 -0800] "GET /index.cgi?Category_Architecture/Tour HTTP/1.0" 200 8194 "-" "Mozilla/5.0 (compatible; Yahoo! Slurp; http://help.yahoo.com/help/us/ysearch/slurp)"
66.249.70.194 - - [15/Dec/2007:14:27:00 -0800] "GET /robots.txt HTTP/1.1" 200 31 "-" "Mozilla/5.0 (compatible; Googlebot/2.1; +http://www.google.com/bot.html)"
66.249.70.194 - - [15/Dec/2007:14:27:01 -0800] "GET /index.cgi?action=list_all_versions;id=Locale_Roseville HTTP/1.1" 200 7153 "-" "Mozilla/5.0 (compatible; Googlebot/2.1; +http://www.google.com/bot.html)"
66.249.70.194 - - [15/Dec/2007:14:27:32 -0800] "GET /index.cgi?id=News;version=5 HTTP/1.1" 200 8282 "-" "Mozilla/5.0 (compatible; Googlebot/2.1; +http://www.google.com/bot.html)"
66.249.70.194 - - [15/Dec/2007:14:28:49 -0800] "GET /index.cgi?action=rc;format=rss;category=church HTTP/1.1" 200 2065 "-" "Mozilla/5.0 (compatible; Googlebot/2.1; +http://www.google.com/bot.html)"
64.92.170.181 - - [15/Dec/2007:14:30:11 -0800] "GET /index.cgi?action=rc;format=rss HTTP/1.1" 304 - "-" "Planet OpenGuides http://everywhere.openguides.org/ Planet/0.2 http://www.planetplanet.org/ UltraLiberalFeedParser/2.7.6 +http://diveintomark.org/projects/feed_parser/"
66.249.70.194 - - [15/Dec/2007:14:30:20 -0800] "GET /index.cgi?id=Useful_Websites;version=10 HTTP/1.1" 200 9434 "-" "Mozilla/5.0 (compatible; Googlebot/2.1; +http://www.google.com/bot.html)"
66.249.70.194 - - [15/Dec/2007:14:30:36 -0800] "GET /index.cgi?action=rc;format=rss;locale=bloomington HTTP/1.1" 200 13195 "-" "Mozilla/5.0 (compatible; Googlebot/2.1; +http://www.google.com/bot.html)"
66.249.70.194 - - [15/Dec/2007:14:32:22 -0800] "GET /index.cgi?action=list_all_versions;id=Whiskey_Junction HTTP/1.1" 200 5924 "-" "Mozilla/5.0 (compatible; Googlebot/2.1; +http://www.google.com/bot.html)"
66.249.70.194 - - [15/Dec/2007:14:33:02 -0800] "GET /index.cgi?id=News;version=8 HTTP/1.1" 200 8547 "-" "Mozilla/5.0 (compatible; Googlebot/2.1; +http://www.google.com/bot.html)"
72.21.34.26 - - [15/Dec/2007:14:33:30 -0800] "GET /index.cgi?action=edit;id=Checker_Board_Pizza%25253Baction%25253Dedit HTTP/1.1" 200 10698 "-" "-"
66.249.70.194 - - [15/Dec/2007:14:34:10 -0800] "GET /index.cgi?action=list_all_versions;id=Fuji-Ya%2C_St._Paul HTTP/1.1" 200 7260 "-" "Mozilla/5.0 (compatible; Googlebot/2.1; +http://www.google.com/bot.html)"
66.249.70.194 - - [15/Dec/2007:14:35:57 -0800] "GET /index.cgi?action=list_all_versions;id=Evangelist_Crusaders_Inc HTTP/1.1" 200 7876 "-" "Mozilla/5.0 (compatible; Googlebot/2.1; +http://www.google.com/bot.html)"
74.6.20.230 - - [15/Dec/2007:14:36:15 -0800] "GET /index.cgi?id=Locale_Northeast;action=delete HTTP/1.0" 200 5587 "-" "Mozilla/5.0 (compatible; Yahoo! Slurp; http://help.yahoo.com/help/us/ysearch/slurp)"
74.6.20.102 - - [15/Dec/2007:14:36:36 -0800] "GET /index.cgi?Category_American/Jazz HTTP/1.0" 200 8130 "-" "Mozilla/5.0 (compatible; Yahoo! Slurp; http://help.yahoo.com/help/us/ysearch/slurp)"
66.249.70.194 - - [15/Dec/2007:14:37:44 -0800] "GET /index.cgi?id=Highest_Praise_Christian_Ctr;action=delete HTTP/1.1" 200 5666 "-" "Mozilla/5.0 (compatible; Googlebot/2.1; +http://www.google.com/bot.html)"
66.249.70.194 - - [15/Dec/2007:14:39:32 -0800] "GET /index.cgi?id=St_Lukes_Lutheran_Church;version=3;diffversion=4 HTTP/1.1" 200 6166 "-" "Mozilla/5.0 (compatible; Googlebot/2.1; +http://www.google.com/bot.html)"
75.72.9.161 - - [15/Dec/2007:14:41:05 -0800] "GET /index.cgi?Hong_Kong_Noodles HTTP/1.1" 200 10754 "http://www.google.com/search?hl=en&sa=X&oi=spell&resnum=0&ct=result&cd=1&q=hong+kong+noodles+minneapolis&spell=1" "Mozilla/4.0 (compatible; MSIE 6.0; Windows NT 5.1; SV1; Media Center PC 3.0; .NET CLR 1.0.3705; .NET CLR 1.1.4322; InfoPath.1)"
75.72.9.161 - - [15/Dec/2007:14:41:05 -0800] "GET /style/main.css HTTP/1.1" 200 6526 "http://saintpaul.openguides.org/index.cgi?Hong_Kong_Noodles" "Mozilla/4.0 (compatible; MSIE 6.0; Windows NT 5.1; SV1; Media Center PC 3.0; .NET CLR 1.0.3705; .NET CLR 1.1.4322; InfoPath.1)"
75.72.9.161 - - [15/Dec/2007:14:41:05 -0800] "GET /favicon.ico HTTP/1.1" 200 0 "-" "Mozilla/4.0 (compatible; MSIE 6.0; Windows NT 5.1; SV1; Media Center PC 3.0; .NET CLR 1.0.3705; .NET CLR 1.1.4322; InfoPath.1)"
75.72.9.161 - - [15/Dec/2007:14:41:07 -0800] "GET /images/ogsp_banner.jpg HTTP/1.1" 200 206115 "http://saintpaul.openguides.org/index.cgi?Hong_Kong_Noodles" "Mozilla/4.0 (compatible; MSIE 6.0; Windows NT 5.1; SV1; Media Center PC 3.0; .NET CLR 1.0.3705; .NET CLR 1.1.4322; InfoPath.1)"
66.249.70.194 - - [15/Dec/2007:14:41:18 -0800] "GET /index.cgi?action=list_all_versions;id=House_Of_Faith_Presbyterian HTTP/1.1" 200 7936 "-" "Mozilla/5.0 (compatible; Googlebot/2.1; +http://www.google.com/bot.html)"
74.6.22.220 - - [15/Dec/2007:14:42:25 -0800] "GET /index.cgi?Ideal_Diner HTTP/1.0" 200 10216 "-" "Mozilla/5.0 (compatible; Yahoo! Slurp; http://help.yahoo.com/help/us/ysearch/slurp)"
66.249.70.194 - - [15/Dec/2007:14:43:05 -0800] "GET /index.cgi?id=Bibelot_Shops_(Como);action=delete HTTP/1.1" 200 5630 "-" "Mozilla/5.0 (compatible; Googlebot/2.1; +http://www.google.com/bot.html)"
74.6.24.100 - - [15/Dec/2007:14:43:39 -0800] "GET /index.cgi?action=list_all_versions;id=Carousel_Restaurant HTTP/1.0" 200 7611 "-" "Mozilla/5.0 (compatible; Yahoo! Slurp; http://help.yahoo.com/help/us/ysearch/slurp)"
66.249.70.194 - - [15/Dec/2007:14:44:52 -0800] "GET /index.cgi?id=Miracle_Prayer_Room;format=rdf HTTP/1.1" 200 1834 "-" "Mozilla/5.0 (compatible; Googlebot/2.1; +http://www.google.com/bot.html)"
87.118.120.23 - - [15/Dec/2007:14:45:46 -0800] "GET /index.cgi HTTP/1.0" 200 11373 "http://tvsetmp3.com" "Mozilla/4.0 (compatible; MSIE 5.5; Windows NT 4.0)"
87.118.120.23 - - [15/Dec/2007:14:45:49 -0800] "GET /index.cgi HTTP/1.0" 200 11373 "http://tvsetmp3.com" "Mozilla/4.0 (compatible; MSIE 5.5; Windows NT 4.0)"
87.118.120.23 - - [15/Dec/2007:14:45:51 -0800] "GET /index.cgi HTTP/1.0" 200 11373 "http://tvsetmp3.com" "Mozilla/4.0 (compatible; MSIE 5.5; Windows NT 4.0)"
87.118.120.23 - - [15/Dec/2007:14:45:52 -0800] "GET /index.cgi HTTP/1.0" 200 11373 "http://tvsetmp3.com" "Mozilla/4.0 (compatible; MSIE 5.5; Windows NT 4.0)"
66.249.70.194 - - [15/Dec/2007:14:46:39 -0800] "GET /index.cgi?id=St_Anthony_Of_Padua;action=edit HTTP/1.1" 200 10663 "-" "Mozilla/5.0 (compatible; Googlebot/2.1; +http://www.google.com/bot.html)"
66.249.70.194 - - [15/Dec/2007:14:46:44 -0800] "GET /index.cgi?action=edit;id=Category_Takeout HTTP/1.1" 200 10723 "-" "Mozilla/5.0 (compatible; Googlebot/2.1; +http://www.google.com/bot.html)"
66.249.70.194 - - [15/Dec/2007:14:48:27 -0800] "GET /index.cgi?id=Chapel_Hills_United_Church;action=delete HTTP/1.1" 200 5656 "-" "Mozilla/5.0 (compatible; Googlebot/2.1; +http://www.google.com/bot.html)"
66.249.70.194 - - [15/Dec/2007:14:49:29 -0800] "GET /index.cgi?action=edit;id=Category_West_Indian HTTP/1.1" 200 10651 "-" "Mozilla/5.0 (compatible; Googlebot/2.1; +http://www.google.com/bot.html)"
66.249.70.194 - - [15/Dec/2007:14:50:14 -0800] "GET /index.cgi?id=Good_Shepherd_Church;action=delete HTTP/1.1" 200 5626 "-" "Mozilla/5.0 (compatible; Googlebot/2.1; +http://www.google.com/bot.html)"
74.6.22.21 - - [15/Dec/2007:14:51:30 -0800] "GET /index.cgi?action=rc;format=rss;locale=lilydale HTTP/1.0" 200 3093 "-" "Mozilla/5.0 (compatible; Yahoo! Slurp; http://help.yahoo.com/help/us/ysearch/slurp)"
66.249.70.194 - - [15/Dec/2007:14:52:01 -0800] "GET /index.cgi?action=edit;id=Trinity_Covenant_Church HTTP/1.1" 200 10701 "-" "Mozilla/5.0 (compatible; Googlebot/2.1; +http://www.google.com/bot.html)"
66.249.70.194 - - [15/Dec/2007:14:52:14 -0800] "GET /index.cgi?id=News;version=10 HTTP/1.1" 200 8651 "-" "Mozilla/5.0 (compatible; Googlebot/2.1; +http://www.google.com/bot.html)"
206.51.226.196 - - [15/Dec/2007:14:53:13 -0800] "POST /index.cgi HTTP/1.1" 200 7427 "http://saintpaul.openguides.org/index.cgi" "Mozilla/4.0 (compatible; MSIE 5.01; Windows NT 5.0)"
66.249.70.194 - - [15/Dec/2007:14:53:48 -0800] "GET /index.cgi?id=St_Boniface_Church;format=rdf HTTP/1.1" 200 1823 "-" "Mozilla/5.0 (compatible; Googlebot/2.1; +http://www.google.com/bot.html)"
74.6.24.49 - - [15/Dec/2007:14:54:53 -0800] "GET /index.cgi?action=index;index_type=category;index_value=German%2FBar HTTP/1.0" 200 5923 "-" "Mozilla/5.0 (compatible; Yahoo! Slurp; http://help.yahoo.com/help/us/ysearch/slurp)"
74.6.7.118 - - [15/Dec/2007:14:55:13 -0800] "GET /index.cgi?action=list_all_versions;id=Trinity_Lutheran_Congregation HTTP/1.0" 200 7957 "-" "Mozilla/5.0 (compatible; Yahoo! Slurp; http://help.yahoo.com/help/us/ysearch/slurp)"
66.249.70.194 - - [15/Dec/2007:14:55:35 -0800] "GET /index.cgi?id=Vietnamese_Alliance_Church;version=5;diffversion=6 HTTP/1.1" 200 6430 "-" "Mozilla/5.0 (compatible; Googlebot/2.1; +http://www.google.com/bot.html)"
66.249.70.194 - - [15/Dec/2007:14:55:36 -0800] "GET /index.cgi?id=Guthrie%2C_The;version=1 HTTP/1.1" 200 10180 "-" "Mozilla/5.0 (compatible; Googlebot/2.1; +http://www.google.com/bot.html)"
74.6.26.214 - - [15/Dec/2007:14:56:46 -0800] "GET /index.cgi?id=Cheers;format=rdf HTTP/1.0" 200 1737 "-" "Mozilla/5.0 (compatible; Yahoo! Slurp; http://help.yahoo.com/help/us/ysearch/slurp)"
66.249.70.194 - - [15/Dec/2007:14:57:22 -0800] "GET /index.cgi?id=Category_PhotoWanted;action=delete HTTP/1.1" 200 5626 "-" "Mozilla/5.0 (compatible; Googlebot/2.1; +http://www.google.com/bot.html)"
74.6.24.225 - - [15/Dec/2007:14:58:59 -0800] "GET /index.cgi?action=list_all_versions;id=Category_Bakeries HTTP/1.0" 200 5938 "-" "Mozilla/5.0 (compatible; Yahoo! Slurp; http://help.yahoo.com/help/us/ysearch/slurp)"
66.249.70.194 - - [15/Dec/2007:14:59:10 -0800] "GET /index.cgi?action=edit;id=Salvation_Army HTTP/1.1" 200 10633 "-" "Mozilla/5.0 (compatible; Googlebot/2.1; +http://www.google.com/bot.html)"
66.249.70.194 - - [15/Dec/2007:15:00:28 -0800] "GET /index.cgi?id=Useful_Websites;version=11 HTTP/1.1" 200 9446 "-" "Mozilla/5.0 (compatible; Googlebot/2.1; +http://www.google.com/bot.html)"
66.249.70.194 - - [15/Dec/2007:15:00:57 -0800] "GET /index.cgi?id=Bloomington_Lutheran_Church;action=edit HTTP/1.1" 200 10726 "-" "Mozilla/5.0 (compatible; Googlebot/2.1; +http://www.google.com/bot.html)"
74.6.27.76 - - [15/Dec/2007:15:01:01 -0800] "GET /index.cgi?Salem_English_Lutheran_Church HTTP/1.0" 200 10444 "-" "Mozilla/5.0 (compatible; Yahoo! Slurp; http://help.yahoo.com/help/us/ysearch/slurp)"
66.249.70.194 - - [15/Dec/2007:15:02:44 -0800] "GET /index.cgi?action=edit;id=Farmers_Market_East_Saint_Paul HTTP/1.1" 200 10623 "-" "Mozilla/5.0 (compatible; Googlebot/2.1; +http://www.google.com/bot.html)"
66.249.70.194 - - [15/Dec/2007:15:03:12 -0800] "GET /index.cgi?id=News;version=9 HTTP/1.1" 200 8547 "-" "Mozilla/5.0 (compatible; Googlebot/2.1; +http://www.google.com/bot.html)"
74.6.24.232 - - [15/Dec/2007:15:03:46 -0800] "GET /index.cgi?Broadway_Pizza HTTP/1.0" 200 8377 "-" "Mozilla/5.0 (compatible; Yahoo! Slurp; http://help.yahoo.com/help/us/ysearch/slurp)"
66.249.70.194 - - [15/Dec/2007:15:04:31 -0800] "GET /index.cgi?id=Vietnamese_Catholic_Church;action=delete HTTP/1.1" 200 5656 "-" "Mozilla/5.0 (compatible; Googlebot/2.1; +http://www.google.com/bot.html)"
66.249.70.194 - - [15/Dec/2007:15:05:58 -0800] "GET /index.cgi?action=list_all_versions;id=Category_West_Indian HTTP/1.1" 200 5985 "-" "Mozilla/5.0 (compatible; Googlebot/2.1; +http://www.google.com/bot.html)"
66.249.70.194 - - [15/Dec/2007:15:06:18 -0800] "GET /index.cgi?Cecil's HTTP/1.1" 200 8338 "-" "Mozilla/5.0 (compatible; Googlebot/2.1; +http://www.google.com/bot.html)"
66.249.70.194 - - [15/Dec/2007:15:09:52 -0800] "GET /index.cgi?id=Category_Central_America%2FSalsa_Dancing;action=delete HTTP/1.1" 200 5718 "-" "Mozilla/5.0 (compatible; Googlebot/2.1; +http://www.google.com/bot.html)"
74.6.7.116 - - [15/Dec/2007:15:11:34 -0800] "GET /index.cgi?Cafe_Biaggio HTTP/1.0" 200 8365 "-" "Mozilla/5.0 (compatible; Yahoo! Slurp; http://help.yahoo.com/help/us/ysearch/slurp)"
66.249.70.194 - - [15/Dec/2007:15:11:39 -0800] "GET /index.cgi?id=Category_American%2FBar;format=rdf HTTP/1.1" 200 1366 "-" "Mozilla/5.0 (compatible; Googlebot/2.1; +http://www.google.com/bot.html)"
66.249.70.194 - - [15/Dec/2007:15:13:26 -0800] "GET /index.cgi?action=list_all_versions;id=Category_Staffing HTTP/1.1" 200 5958 "-" "Mozilla/5.0 (compatible; Googlebot/2.1; +http://www.google.com/bot.html)"
74.6.25.157 - - [15/Dec/2007:15:13:53 -0800] "GET /index.cgi?Locale_Dinkytown HTTP/1.0" 200 8007 "-" "Mozilla/5.0 (compatible; Yahoo! Slurp; http://help.yahoo.com/help/us/ysearch/slurp)"
209.85.238.23 - - [15/Dec/2007:15:14:34 -0800] "GET /index.cgi?action=rc;format=rss HTTP/1.1" 304 - "-" "Feedfetcher-Google; (+http://www.google.com/feedfetcher.html; 2 subscribers; feed-id=2591756046506335941)"
66.249.70.194 - - [15/Dec/2007:15:15:14 -0800] "GET /index.cgi?action=rc;format=rss;category=tapas HTTP/1.1" 200 3149 "-" "Mozilla/5.0 (compatible; Googlebot/2.1; +http://www.google.com/bot.html)"
66.249.70.194 - - [15/Dec/2007:15:17:01 -0800] "GET /index.cgi?action=index;index_type=category;index_value=Car%20Dealer HTTP/1.1" 200 6009 "-" "Mozilla/5.0 (compatible; Googlebot/2.1; +http://www.google.com/bot.html)"
66.249.70.194 - - [15/Dec/2007:15:18:48 -0800] "GET /index.cgi?action=list_all_versions;id=Collin's_Restaurant HTTP/1.1" 200 7095 "-" "Mozilla/5.0 (compatible; Googlebot/2.1; +http://www.google.com/bot.html)"
66.249.70.194 - - [15/Dec/2007:15:20:35 -0800] "GET /index.cgi?action=list_all_versions;id=John_A._Johnson_Achievement_Plus_Elementary HTTP/1.1" 200 6865 "-" "Mozilla/5.0 (compatible; Googlebot/2.1; +http://www.google.com/bot.html)"
66.249.70.194 - - [15/Dec/2007:15:22:22 -0800] "GET /index.cgi?action=show_backlinks;id=Landmark_Plaza HTTP/1.1" 200 5074 "-" "Mozilla/5.0 (compatible; Googlebot/2.1; +http://www.google.com/bot.html)"
66.249.70.194 - - [15/Dec/2007:15:22:25 -0800] "GET /index.cgi?id=Category_West_Indian;action=edit HTTP/1.1" 200 10651 "-" "Mozilla/5.0 (compatible; Googlebot/2.1; +http://www.google.com/bot.html)"
66.249.70.194 - - [15/Dec/2007:15:24:10 -0800] "GET /index.cgi?id=Bibelot_Shops_(Como);version=1;diffversion=2 HTTP/1.1" 200 7759 "-" "Mozilla/5.0 (compatible; Googlebot/2.1; +http://www.google.com/bot.html)"
66.249.70.194 - - [15/Dec/2007:15:25:11 -0800] "GET /index.cgi?action=index;index_type=category;index_value=West%20Indian HTTP/1.1" 200 5945 "-" "Mozilla/5.0 (compatible; Googlebot/2.1; +http://www.google.com/bot.html)"
66.249.70.194 - - [15/Dec/2007:15:25:56 -0800] "GET /index.cgi?id=Locale_Eagan;format=rdf HTTP/1.1" 200 1635 "-" "Mozilla/5.0 (compatible; Googlebot/2.1; +http://www.google.com/bot.html)"
74.6.25.73 - - [15/Dec/2007:15:26:03 -0800] "GET /index.cgi?id=Locale_North_St._Paul;action=delete HTTP/1.0" 200 5612 "-" "Mozilla/5.0 (compatible; Yahoo! Slurp; http://help.yahoo.com/help/us/ysearch/slurp)"
74.6.25.112 - - [15/Dec/2007:15:26:41 -0800] "GET /index.cgi?id=Locale_Linden_Hills;format=rdf HTTP/1.0" 200 1345 "-" "Mozilla/5.0 (compatible; Yahoo! Slurp; http://help.yahoo.com/help/us/ysearch/slurp)"
74.6.25.112 - - [15/Dec/2007:15:26:41 -0800] "GET /index.cgi?id=Locale_Linden_Hills;action=edit HTTP/1.0" 200 10614 "-" "Mozilla/5.0 (compatible; Yahoo! Slurp; http://help.yahoo.com/help/us/ysearch/slurp)"
74.6.20.102 - - [15/Dec/2007:15:26:43 -0800] "GET /index.cgi?action=show_backlinks;id=New_Beginnings_Baptist HTTP/1.0" 200 5079 "-" "Mozilla/5.0 (compatible; Yahoo! Slurp; http://help.yahoo.com/help/us/ysearch/slurp)"
66.249.70.194 - - [15/Dec/2007:15:27:43 -0800] "GET /index.cgi?id=Sakura;format=rdf HTTP/1.1" 200 2626 "-" "Mozilla/5.0 (compatible; Googlebot/2.1; +http://www.google.com/bot.html)"
66.249.70.194 - - [15/Dec/2007:15:27:55 -0800] "GET /index.cgi?id=Category_West_Indian;action=delete HTTP/1.1" 200 5626 "-" "Mozilla/5.0 (compatible; Googlebot/2.1; +http://www.google.com/bot.html)"
74.6.24.41 - - [15/Dec/2007:15:28:21 -0800] "GET /index.cgi?id=Great_Waters_Brewing_Co.;action=delete HTTP/1.0" 200 5627 "-" "Mozilla/5.0 (compatible; Yahoo! Slurp; http://help.yahoo.com/help/us/ysearch/slurp)"
66.249.70.194 - - [15/Dec/2007:15:29:31 -0800] "GET /index.cgi?action=index;index_type=category;index_value=Delis HTTP/1.1" 200 5881 "-" "Mozilla/5.0 (compatible; Googlebot/2.1; +http://www.google.com/bot.html)"
74.6.23.44 - - [15/Dec/2007:15:29:50 -0800] "GET /index.cgi?action=show_backlinks;id=Locale_North_St._Paul HTTP/1.0" 200 5160 "-" "Mozilla/5.0 (compatible; Yahoo! Slurp; http://help.yahoo.com/help/us/ysearch/slurp)"
64.92.170.181 - - [15/Dec/2007:15:30:19 -0800] "GET /index.cgi?action=rc;format=rss HTTP/1.1" 304 - "-" "Planet OpenGuides http://everywhere.openguides.org/ Planet/0.2 http://www.planetplanet.org/ UltraLiberalFeedParser/2.7.6 +http://diveintomark.org/projects/feed_parser/"
66.249.70.194 - - [15/Dec/2007:15:30:40 -0800] "GET /index.cgi?action=show_backlinks;id=Category_West_Indian HTTP/1.1" 200 5174 "-" "Mozilla/5.0 (compatible; Googlebot/2.1; +http://www.google.com/bot.html)"
66.249.70.194 - - [15/Dec/2007:15:31:18 -0800] "GET /index.cgi?action=rc;format=rss;category=staffing HTTP/1.1" 200 1900 "-" "Mozilla/5.0 (compatible; Googlebot/2.1; +http://www.google.com/bot.html)"
66.249.70.194 - - [15/Dec/2007:15:33:05 -0800] "GET /index.cgi?action=index;index_type=category;index_value=Drive-In HTTP/1.1" 200 5908 "-" "Mozilla/5.0 (compatible; Googlebot/2.1; +http://www.google.com/bot.html)"
66.249.70.194 - - [15/Dec/2007:15:33:24 -0800] "GET /index.cgi?Axel's_Char_House HTTP/1.1" 200 10393 "-" "Mozilla/5.0 (compatible; Googlebot/2.1; +http://www.google.com/bot.html)"
74.6.24.47 - - [15/Dec/2007:15:33:33 -0800] "GET /index.cgi?Cuzzy's_Grill_And_Bar HTTP/1.0" 200 8474 "-" "Mozilla/5.0 (compatible; Yahoo! Slurp; http://help.yahoo.com/help/us/ysearch/slurp)"
74.6.25.19 - - [15/Dec/2007:15:34:26 -0800] "GET /index.cgi?id=Category_Possibly_Closed;action=edit HTTP/1.0" 200 10768 "-" "Mozilla/5.0 (compatible; Yahoo! Slurp; http://help.yahoo.com/help/us/ysearch/slurp)"
74.6.23.224 - - [15/Dec/2007:15:34:29 -0800] "GET /index.cgi?action=show_backlinks;id=Locale_Camden HTTP/1.0" 200 5120 "-" "Mozilla/5.0 (compatible; Yahoo! Slurp; http://help.yahoo.com/help/us/ysearch/slurp)"
66.249.70.194 - - [15/Dec/2007:15:34:52 -0800] "GET /index.cgi?id=Category_Live_Music;format=rdf HTTP/1.1" 200 1358 "-" "Mozilla/5.0 (compatible; Googlebot/2.1; +http://www.google.com/bot.html)"
74.6.7.105 - - [15/Dec/2007:15:36:12 -0800] "GET /index.cgi?Reuters HTTP/1.0" 200 11011 "-" "Mozilla/5.0 (compatible; Yahoo! Slurp; http://help.yahoo.com/help/us/ysearch/slurp)"
66.249.70.194 - - [15/Dec/2007:15:36:39 -0800] "GET /index.cgi?action=list_all_versions;id=The_Saint_Paul_Hotel HTTP/1.1" 200 6535 "-" "Mozilla/5.0 (compatible; Googlebot/2.1; +http://www.google.com/bot.html)"
74.86.171.82 - - [15/Dec/2007:15:37:30 -0800] "GET / HTTP/1.1" 200 11400 "-" "Mozilla/4.0 (compatible; MSIE 6.0; Windows NT 5.1; SV1; .NET CLR 1.1.4322)"
124.114.55.202 - - [15/Dec/2007:15:38:12 -0800] "GET /index.cgi?action=edit;id=Checker_Board_Pizza%25253Baction%25253Dedit HTTP/1.1" 200 10698 "-" "Mozilla/4.0 (compatible; MSIE 6.0; Windows NT 5.1; SV1)"
74.6.24.106 - - [15/Dec/2007:15:38:23 -0800] "GET /index.cgi?St_Andrew's_Episcopal_Chrch HTTP/1.0" 200 10436 "-" "Mozilla/5.0 (compatible; Yahoo! Slurp; http://help.yahoo.com/help/us/ysearch/slurp)"
66.249.70.194 - - [15/Dec/2007:15:38:26 -0800] "GET /index.cgi?id=St_Mary_Of_The_Lake_Chr;action=delete HTTP/1.1" 200 5641 "-" "Mozilla/5.0 (compatible; Googlebot/2.1; +http://www.google.com/bot.html)"
66.249.70.194 - - [15/Dec/2007:15:38:53 -0800] "GET /index.cgi?id=Category_American%2FItalian;action=edit HTTP/1.1" 200 10697 "-" "Mozilla/5.0 (compatible; Googlebot/2.1; +http://www.google.com/bot.html)"
124.114.55.202 - - [15/Dec/2007:15:39:23 -0800] "POST /index.cgi HTTP/1.1" 200 69639 "http://saintpaul.openguides.org/index.cgi?action=edit;id=Checker_Board_Pizza%25253Baction%25253Dedit" "Mozilla/4.0 (compatible; MSIE 6.0; Windows NT 5.1; SV1)"
74.6.20.39 - - [15/Dec/2007:15:39:31 -0800] "GET /index.cgi?action=index;index_type=category;index_value=Alcohol HTTP/1.0" 200 13166 "-" "Mozilla/5.0 (compatible; Yahoo! Slurp; http://help.yahoo.com/help/us/ysearch/slurp)"
74.6.24.171 - - [15/Dec/2007:15:39:35 -0800] "GET /index.cgi?id=Category_Catering;format=rdf HTTP/1.0" 200 1340 "-" "Mozilla/5.0 (compatible; Yahoo! Slurp; http://help.yahoo.com/help/us/ysearch/slurp)"
124.114.55.202 - - [15/Dec/2007:15:39:50 -0800] "POST /index.cgi HTTP/1.1" 200 69639 "http://saintpaul.openguides.org/index.cgi?action=edit;id=Checker_Board_Pizza%25253Baction%25253Dedit" "Mozilla/4.0 (compatible; MSIE 6.0; Windows NT 5.1; SV1)"
124.114.55.202 - - [15/Dec/2007:15:39:51 -0800] "POST /index.cgi HTTP/1.1" 200 25739 "http://saintpaul.openguides.org/index.cgi?action=edit;id=Checker_Board_Pizza%25253Baction%25253Dedit" "Mozilla/4.0 (compatible; MSIE 6.0; Windows NT 5.1; SV1)"
66.249.70.194 - - [15/Dec/2007:15:40:13 -0800] "GET /index.cgi?action=list_all_versions;id=Fitzgerald_Theater HTTP/1.1" 200 7223 "-" "Mozilla/5.0 (compatible; Googlebot/2.1; +http://www.google.com/bot.html)"
218.28.134.202 - - [15/Dec/2007:15:40:21 -0800] "GET /index.cgi?id=Checker_Board_Pizza;action=edit HTTP/1.0" 200 10859 "http://saintpaul.openguides.org/index.cgi?id=Checker_Board_Pizza;action=edit" "Mozilla/0.6 Beta (Windows)"
66.249.70.194 - - [15/Dec/2007:15:41:39 -0800] "GET /index.cgi?action=edit;id=Category_American%2FItalian HTTP/1.1" 200 10697 "-" "Mozilla/5.0 (compatible; Googlebot/2.1; +http://www.google.com/bot.html)"
66.249.70.194 - - [15/Dec/2007:15:42:01 -0800] "GET /index.cgi?action=index;index_type=category;index_value=Cajun HTTP/1.1" 200 5865 "-" "Mozilla/5.0 (compatible; Googlebot/2.1; +http://www.google.com/bot.html)"
74.6.27.19 - - [15/Dec/2007:15:42:26 -0800] "GET /index.cgi?action=edit;id=Delisi%27s_Catering HTTP/1.0" 200 10663 "-" "Mozilla/5.0 (compatible; Yahoo! Slurp; http://help.yahoo.com/help/us/ysearch/slurp)"
74.6.25.31 - - [15/Dec/2007:15:42:29 -0800] "GET /index.cgi?id=Hangout;action=edit HTTP/1.0" 200 10578 "-" "Mozilla/5.0 (compatible; Yahoo! Slurp; http://help.yahoo.com/help/us/ysearch/slurp)"
66.249.70.194 - - [15/Dec/2007:15:43:47 -0800] "GET /index.cgi?id=Northport_Baptist_Church;action=delete HTTP/1.1" 200 5646 "-" "Mozilla/5.0 (compatible; Googlebot/2.1; +http://www.google.com/bot.html)"
66.249.70.194 - - [15/Dec/2007:15:45:35 -0800] "GET /index.cgi?id=Category_Afghani_Food;action=delete HTTP/1.1" 200 5631 "-" "Mozilla/5.0 (compatible; Googlebot/2.1; +http://www.google.com/bot.html)"
71.220.46.65 - - [15/Dec/2007:15:46:34 -0800] "GET /index.cgi?action=rc;format=rss HTTP/1.1" 304 - "-" "Mozilla/5.0 (compatible; Google Desktop)"
66.249.70.194 - - [15/Dec/2007:15:47:22 -0800] "GET /index.cgi?action=list_all_versions;id=Emanuel_Evangelical_Church HTTP/1.1" 200 7916 "-" "Mozilla/5.0 (compatible; Googlebot/2.1; +http://www.google.com/bot.html)"
74.6.27.45 - - [15/Dec/2007:15:48:43 -0800] "GET /index.cgi?id=United_Hospital;format=rdf HTTP/1.0" 200 2380 "-" "Mozilla/5.0 (compatible; Yahoo! Slurp; http://help.yahoo.com/help/us/ysearch/slurp)"
66.249.70.194 - - [15/Dec/2007:15:49:09 -0800] "GET /index.cgi?id=Valley_Of_Peace_Lutheran_Chr;action=edit HTTP/1.1" 200 10737 "-" "Mozilla/5.0 (compatible; Googlebot/2.1; +http://www.google.com/bot.html)"
66.249.70.194 - - [15/Dec/2007:15:50:56 -0800] "GET /index.cgi?action=edit;id=Our_Redeemer_Lutheran_Church HTTP/1.1" 200 10731 "-" "Mozilla/5.0 (compatible; Googlebot/2.1; +http://www.google.com/bot.html)"
66.249.70.194 - - [15/Dec/2007:15:52:43 -0800] "GET /index.cgi?id=Category_Church;format=rdf HTTP/1.1" 200 1346 "-" "Mozilla/5.0 (compatible; Googlebot/2.1; +http://www.google.com/bot.html)"
74.6.28.105 - - [15/Dec/2007:15:53:13 -0800] "GET /index.cgi?Category_American%2FJazz HTTP/1.0" 200 8130 "-" "Mozilla/5.0 (compatible; Yahoo! Slurp; http://help.yahoo.com/help/us/ysearch/slurp)"
66.249.70.194 - - [15/Dec/2007:15:54:30 -0800] "GET /index.cgi?id=Holy_Trinity_Lutheran_Church;version=3;diffversion=4 HTTP/1.1" 200 6182 "-" "Mozilla/5.0 (compatible; Googlebot/2.1; +http://www.google.com/bot.html)"
74.6.8.125 - - [15/Dec/2007:15:54:35 -0800] "GET /index.cgi HTTP/1.0" 200 11373 "-" "Mozilla/5.0 (compatible; Yahoo! Slurp/3.0; http://help.yahoo.com/help/us/ysearch/slurp)"
74.6.25.43 - - [15/Dec/2007:15:55:10 -0800] "GET /index.cgi?id=Greater_East_Side;version=3;diffversion=4 HTTP/1.0" 200 6267 "-" "Mozilla/5.0 (compatible; Yahoo! Slurp; http://help.yahoo.com/help/us/ysearch/slurp)"
66.249.70.194 - - [15/Dec/2007:15:55:22 -0800] "GET /index.cgi?action=show_backlinks;id=Category_American%2FItalian HTTP/1.1" 200 5201 "-" "Mozilla/5.0 (compatible; Googlebot/2.1; +http://www.google.com/bot.html)"
144.15.255.227 - - [15/Dec/2007:15:55:54 -0800] "GET /index.cgi?Champps_Sports_Bar HTTP/1.1" 200 8445 "http://www.google.com/search?hl=en&q=champps+sports+bar+minnesota" "Mozilla/4.0 (compatible; MSIE 6.0; Windows NT 5.1; SV1; .NET CLR 1.1.4322; .NET CLR 2.0.50727)"
144.15.255.227 - - [15/Dec/2007:15:55:55 -0800] "GET /style/main.css HTTP/1.1" 200 6526 "http://saintpaul.openguides.org/index.cgi?Champps_Sports_Bar" "Mozilla/4.0 (compatible; MSIE 6.0; Windows NT 5.1; SV1; .NET CLR 1.1.4322; .NET CLR 2.0.50727)"
144.15.255.227 - - [15/Dec/2007:15:56:01 -0800] "GET /images/ogsp_banner.jpg HTTP/1.1" 200 206115 "http://saintpaul.openguides.org/index.cgi?Champps_Sports_Bar" "Mozilla/4.0 (compatible; MSIE 6.0; Windows NT 5.1; SV1; .NET CLR 1.1.4322; .NET CLR 2.0.50727)"
66.249.70.194 - - [15/Dec/2007:15:56:18 -0800] "GET /index.cgi?Eat_This HTTP/1.1" 200 10227 "-" "Mozilla/5.0 (compatible; Googlebot/2.1; +http://www.google.com/bot.html)"
74.6.19.199 - - [15/Dec/2007:15:56:25 -0800] "GET /index.cgi?action=edit;id=Highland_Park_Presbyterian_Chr HTTP/1.0" 200 10721 "-" "Mozilla/5.0 (compatible; Yahoo! Slurp; http://help.yahoo.com/help/us/ysearch/slurp)"
72.232.184.194 - - [15/Dec/2007:15:56:52 -0800] "GET /index.cgi?action=edit;id=Checker_Board_Pizza%25253Baction%25253Dedit HTTP/1.1" 200 10698 "-" "-"
66.249.70.194 - - [15/Dec/2007:15:58:05 -0800] "GET /index.cgi?action=show_backlinks;id=Category_Mall_Of_America HTTP/1.1" 200 5194 "-" "Mozilla/5.0 (compatible; Googlebot/2.1; +http://www.google.com/bot.html)"
66.249.70.194 - - [15/Dec/2007:15:58:06 -0800] "GET /index.cgi?August_Moon HTTP/1.1" 200 10159 "-" "Mozilla/5.0 (compatible; Googlebot/2.1; +http://www.google.com/bot.html)"
74.6.20.136 - - [15/Dec/2007:15:58:45 -0800] "GET /index.cgi?Ginelli's_Pizza_(34th_Ave) HTTP/1.0" 200 11283 "-" "Mozilla/5.0 (compatible; Yahoo! Slurp; http://help.yahoo.com/help/us/ysearch/slurp)"
72.30.179.202 - - [15/Dec/2007:15:59:24 -0800] "GET /index.cgi?id=Salem_English_Lutheran_Church;format=rdf HTTP/1.0" 200 1848 "-" "Mozilla/5.0 (compatible; Yahoo! Slurp; http://help.yahoo.com/help/us/ysearch/slurp)"
66.249.70.194 - - [15/Dec/2007:15:59:52 -0800] "GET /index.cgi?action=index;index_type=category;index_value=Cambodian HTTP/1.1" 200 5998 "-" "Mozilla/5.0 (compatible; Googlebot/2.1; +http://www.google.com/bot.html)"
66.249.70.194 - - [15/Dec/2007:16:00:51 -0800] "GET /index.cgi?Anna_Chung_Oriental_Restaurant HTTP/1.1" 200 8938 "-" "Mozilla/5.0 (compatible; Googlebot/2.1; +http://www.google.com/bot.html)"
66.249.70.194 - - [15/Dec/2007:16:01:39 -0800] "GET /index.cgi?id=Category_Thai;format=rdf HTTP/1.1" 200 1340 "-" "Mozilla/5.0 (compatible; Googlebot/2.1; +http://www.google.com/bot.html)"
66.249.70.194 - - [15/Dec/2007:16:03:26 -0800] "GET /index.cgi?id=Olivet_Baptist_Church;format=rdf HTTP/1.1" 200 1755 "-" "Mozilla/5.0 (compatible; Googlebot/2.1; +http://www.google.com/bot.html)"
66.249.70.194 - - [15/Dec/2007:16:05:13 -0800] "GET /index.cgi?id=First_Church_Of_The_Nazarene;action=edit HTTP/1.1" 200 10731 "-" "Mozilla/5.0 (compatible; Googlebot/2.1; +http://www.google.com/bot.html)"
193.201.200.73 - - [15/Dec/2007:16:06:21 -0800] "GET /?action=about;format=rdf HTTP/1.1" 200 2033 "-" "OpenGuides get-guide-versions"
66.249.70.194 - - [15/Dec/2007:16:07:00 -0800] "GET /index.cgi?action=list_all_versions;id=Brooklyn_Lutheran_Church HTTP/1.1" 200 7193 "-" "Mozilla/5.0 (compatible; Googlebot/2.1; +http://www.google.com/bot.html)"
66.249.70.194 - - [15/Dec/2007:16:08:47 -0800] "GET /index.cgi?id=Hobart_United_Methodist_Church;action=edit HTTP/1.1" 200 10744 "-" "Mozilla/5.0 (compatible; Googlebot/2.1; +http://www.google.com/bot.html)"
66.249.70.194 - - [15/Dec/2007:16:10:35 -0800] "GET /index.cgi?id=Oakland_Ave_United_Methodist;action=delete HTTP/1.1" 200 5666 "-" "Mozilla/5.0 (compatible; Googlebot/2.1; +http://www.google.com/bot.html)"
66.249.70.194 - - [15/Dec/2007:16:12:22 -0800] "GET /index.cgi?id=Visitation_Church;version=3;diffversion=4 HTTP/1.1" 200 6138 "-" "Mozilla/5.0 (compatible; Googlebot/2.1; +http://www.google.com/bot.html)"
66.249.70.194 - - [15/Dec/2007:16:14:09 -0800] "GET /index.cgi?action=list_all_versions;id=St_Matthew's_Episcopal_Chr HTTP/1.1" 200 7950 "-" "Mozilla/5.0 (compatible; Googlebot/2.1; +http://www.google.com/bot.html)"
66.249.70.194 - - [15/Dec/2007:16:14:34 -0800] "GET /index.cgi?id=Category_American%2FItalian;action=delete HTTP/1.1" 200 5653 "-" "Mozilla/5.0 (compatible; Googlebot/2.1; +http://www.google.com/bot.html)"
209.85.238.23 - - [15/Dec/2007:16:14:36 -0800] "GET /index.cgi?action=rc;format=rss HTTP/1.1" 304 - "-" "Feedfetcher-Google; (+http://www.google.com/feedfetcher.html; 2 subscribers; feed-id=2591756046506335941)"
72.21.34.26 - - [15/Dec/2007:16:14:53 -0800] "GET /index.cgi?action=edit;id=Checker_Board_Pizza%25253Baction%25253Dedit HTTP/1.1" 200 10698 "-" "-"
66.249.70.194 - - [15/Dec/2007:16:15:56 -0800] "GET /index.cgi?id=Rising_Star_Missionary_Baptist;action=delete HTTP/1.1" 200 5676 "-" "Mozilla/5.0 (compatible; Googlebot/2.1; +http://www.google.com/bot.html)"
66.249.70.194 - - [15/Dec/2007:16:17:20 -0800] "GET /index.cgi?A_Catered_Affair HTTP/1.1" 200 8688 "-" "Mozilla/5.0 (compatible; Googlebot/2.1; +http://www.google.com/bot.html)"
66.249.70.194 - - [15/Dec/2007:16:17:43 -0800] "GET /index.cgi?action=show_backlinks;id=Praise_Assembly_Of_God_Church HTTP/1.1" 200 5119 "-" "Mozilla/5.0 (compatible; Googlebot/2.1; +http://www.google.com/bot.html)"
66.249.70.194 - - [15/Dec/2007:16:19:30 -0800] "GET /index.cgi?action=edit;id=St_Thomas_Episcopal_Church HTTP/1.1" 200 10716 "-" "Mozilla/5.0 (compatible; Googlebot/2.1; +http://www.google.com/bot.html)"
74.6.27.38 - - [15/Dec/2007:16:19:38 -0800] "GET /index.cgi?Caravelle_Restaurant_III HTTP/1.0" 200 8503 "-" "Mozilla/5.0 (compatible; Yahoo! Slurp; http://help.yahoo.com/help/us/ysearch/slurp)"
66.249.70.194 - - [15/Dec/2007:16:20:04 -0800] "GET /index.cgi?8th_Street_Grill HTTP/1.1" 200 10250 "-" "Mozilla/5.0 (compatible; Googlebot/2.1; +http://www.google.com/bot.html)"
66.249.70.194 - - [15/Dec/2007:16:21:17 -0800] "GET /index.cgi?id=Body_Of_Christ_Church;action=delete HTTP/1.1" 200 5631 "-" "Mozilla/5.0 (compatible; Googlebot/2.1; +http://www.google.com/bot.html)"
66.249.70.194 - - [15/Dec/2007:16:22:49 -0800] "GET /index.cgi?id=Emily's_Lebanese_Delicatessen;version=1 HTTP/1.1" 200 10436 "-" "Mozilla/5.0 (compatible; Googlebot/2.1; +http://www.google.com/bot.html)"
66.249.70.194 - - [15/Dec/2007:16:23:05 -0800] "GET /index.cgi?id=Spirit_Of_The_Lakes_United_Chr;version=3;diffversion=4 HTTP/1.1" 200 6190 "-" "Mozilla/5.0 (compatible; Googlebot/2.1; +http://www.google.com/bot.html)"
74.6.26.209 - - [15/Dec/2007:16:23:05 -0800] "GET /index.cgi?id=Category_Bars;action=delete HTTP/1.0" 200 5572 "-" "Mozilla/5.0 (compatible; Yahoo! Slurp; http://help.yahoo.com/help/us/ysearch/slurp)"
74.6.24.70 - - [15/Dec/2007:16:23:28 -0800] "GET /index.cgi?id=Keys_Cafe_%28Roseville%29;action=edit HTTP/1.0" 200 10798 "-" "Mozilla/5.0 (compatible; Yahoo! Slurp; http://help.yahoo.com/help/us/ysearch/slurp)"
66.249.70.194 - - [15/Dec/2007:16:24:51 -0800] "GET /index.cgi?id=Harry_Singh's_Caribbean;version=1 HTTP/1.1" 200 10347 "-" "Mozilla/5.0 (compatible; Googlebot/2.1; +http://www.google.com/bot.html)"
74.6.23.221 - - [15/Dec/2007:16:25:27 -0800] "GET /index.cgi?id=Useful_Websites;action=edit HTTP/1.0" 200 11546 "-" "Mozilla/5.0 (compatible; Yahoo! Slurp; http://help.yahoo.com/help/us/ysearch/slurp)"
66.249.70.194 - - [15/Dec/2007:16:26:39 -0800] "GET /index.cgi?id=Como_Evangelical_Free_Church;version=3;diffversion=4 HTTP/1.1" 200 6182 "-" "Mozilla/5.0 (compatible; Googlebot/2.1; +http://www.google.com/bot.html)"
200.88.114.166 - - [15/Dec/2007:16:27:38 -0800] "GET /index.cgi?id=Useful_Websites;action=delete HTTP/1.1" 200 5601 "-" "User-Agent: Mozilla/4.0 (compatible; MSIE 7.0; Windows NT 5.1; Mozilla/4.0 (compatible; MSIE 6.0; Windows NT 5.1; SV1) ; .NET CLR 1.1.4322; .NET CLR 2.0.50727; InfoPath.2)"
220.15.52.92 - - [15/Dec/2007:16:28:12 -0800] "GET /index.cgi?id=Useful_Websites;action=delete HTTP/1.0" 200 5582 "-" "User-Agent: Mozilla/4.0 (compatible; MSIE 7.0; Windows NT 5.1; Mozilla/4.0 (compatible; MSIE 6.0; Windows NT 5.1; SV1) ; .NET CLR 1.1.4322; .NET CLR 2.0.50727; InfoPath.2)"
66.249.70.194 - - [15/Dec/2007:16:28:26 -0800] "GET /index.cgi?id=St._Paul;version=1 HTTP/1.1" 200 12687 "-" "Mozilla/5.0 (compatible; Googlebot/2.1; +http://www.google.com/bot.html)"
74.6.25.209 - - [15/Dec/2007:16:28:47 -0800] "GET /index.cgi?Locale_Downtown_St._Paul HTTP/1.0" 302 0 "-" "Mozilla/5.0 (compatible; Yahoo! Slurp; http://help.yahoo.com/help/us/ysearch/slurp)"
74.6.25.209 - - [15/Dec/2007:16:28:49 -0800] "GET /index.cgi?id=Downtown_St._Paul;oldid=Locale_Downtown_St._Paul HTTP/1.0" 200 11767 "-" "Mozilla/5.0 (compatible; Yahoo! Slurp; http://help.yahoo.com/help/us/ysearch/slurp)"
64.92.170.181 - - [15/Dec/2007:16:30:12 -0800] "GET /index.cgi?action=rc;format=rss HTTP/1.1" 304 - "-" "Planet OpenGuides http://everywhere.openguides.org/ Planet/0.2 http://www.planetplanet.org/ UltraLiberalFeedParser/2.7.6 +http://diveintomark.org/projects/feed_parser/"
66.249.70.194 - - [15/Dec/2007:16:30:13 -0800] "GET /index.cgi?id=Redemption_Ministry_Ctr;action=delete HTTP/1.1" 200 5641 "-" "Mozilla/5.0 (compatible; Googlebot/2.1; +http://www.google.com/bot.html)"
66.249.70.194 - - [15/Dec/2007:16:31:03 -0800] "GET /index.cgi?Art_Song's_Original_Wings HTTP/1.1" 200 8877 "-" "Mozilla/5.0 (compatible; Googlebot/2.1; +http://www.google.com/bot.html)"
66.249.70.194 - - [15/Dec/2007:16:32:00 -0800] "GET /index.cgi?id=Grace_United_Methodist-Lowry;version=3;diffversion=4 HTTP/1.1" 200 6182 "-" "Mozilla/5.0 (compatible; Googlebot/2.1; +http://www.google.com/bot.html)"
74.6.20.80 - - [15/Dec/2007:16:32:54 -0800] "GET /index.cgi?action=rc;format=rss;category=kurdish%20food HTTP/1.0" 200 2110 "-" "Mozilla/5.0 (compatible; Yahoo! Slurp; http://help.yahoo.com/help/us/ysearch/slurp)"
66.249.70.194 - - [15/Dec/2007:16:33:18 -0800] "GET /index.cgi?id=Fourcrown_Incorporated;action=edit HTTP/1.1" 200 10713 "-" "Mozilla/5.0 (compatible; Googlebot/2.1; +http://www.google.com/bot.html)"
66.249.70.194 - - [15/Dec/2007:16:33:47 -0800] "GET /index.cgi?id=Grace_Evangelical_Free_Church;action=edit HTTP/1.1" 200 10738 "-" "Mozilla/5.0 (compatible; Googlebot/2.1; +http://www.google.com/bot.html)"
74.6.26.229 - - [15/Dec/2007:16:34:30 -0800] "GET /index.cgi?action=list_all_versions;id=China_Buffet_Restaurant HTTP/1.0" 200 7825 "-" "Mozilla/5.0 (compatible; Yahoo! Slurp; http://help.yahoo.com/help/us/ysearch/slurp)"
66.249.70.194 - - [15/Dec/2007:16:35:34 -0800] "GET /index.cgi?id=Beautiful_Savior_Lutheran_Chr;version=3;diffversion=4 HTTP/1.1" 200 6202 "-" "Mozilla/5.0 (compatible; Googlebot/2.1; +http://www.google.com/bot.html)"
66.249.70.194 - - [15/Dec/2007:16:36:32 -0800] "GET /index.cgi?id=Festival;version=2 HTTP/1.1" 200 10229 "-" "Mozilla/5.0 (compatible; Googlebot/2.1; +http://www.google.com/bot.html)"
66.249.70.194 - - [15/Dec/2007:16:37:21 -0800] "GET /index.cgi?id=Chinese_Evangelical_Free_Chr;action=edit HTTP/1.1" 200 10730 "-" "Mozilla/5.0 (compatible; Googlebot/2.1; +http://www.google.com/bot.html)"
74.6.27.25 - - [15/Dec/2007:16:37:34 -0800] "GET /index.cgi?id=Category_Joy;format=rdf HTTP/1.0" 200 1325 "-" "Mozilla/5.0 (compatible; Yahoo! Slurp; http://help.yahoo.com/help/us/ysearch/slurp)"
66.249.70.194 - - [15/Dec/2007:16:39:08 -0800] "GET /index.cgi?House_Of_Liang HTTP/1.1" 200 8395 "-" "Mozilla/5.0 (compatible; Googlebot/2.1; +http://www.google.com/bot.html)"
66.249.70.194 - - [15/Dec/2007:16:39:17 -0800] "GET /index.cgi?action=show_backlinks;id=Art_Academy_LLC HTTP/1.1" 200 5077 "-" "Mozilla/5.0 (compatible; Googlebot/2.1; +http://www.google.com/bot.html)"
66.249.70.194 - - [15/Dec/2007:16:40:56 -0800] "GET /index.cgi?Dry_Dock_Cafe HTTP/1.1" 200 8382 "-" "Mozilla/5.0 (compatible; Googlebot/2.1; +http://www.google.com/bot.html)"
74.6.26.78 - - [15/Dec/2007:16:41:51 -0800] "GET /index.cgi?Category_Mediterranean%2FDancing HTTP/1.0" 200 8258 "-" "Mozilla/5.0 (compatible; Yahoo! Slurp; http://help.yahoo.com/help/us/ysearch/slurp)"
66.249.70.194 - - [15/Dec/2007:16:42:43 -0800] "GET /index.cgi?action=edit;id=Northport_Baptist_Church HTTP/1.1" 200 10703 "-" "Mozilla/5.0 (compatible; Googlebot/2.1; +http://www.google.com/bot.html)"
66.249.70.194 - - [15/Dec/2007:16:44:30 -0800] "GET /index.cgi?action=list_all_versions;id=Salvation_Army HTTP/1.1" 200 7676 "-" "Mozilla/5.0 (compatible; Googlebot/2.1; +http://www.google.com/bot.html)"
128.101.184.214 - - [15/Dec/2007:16:44:31 -0800] "GET /index.cgi?WinterSkate HTTP/1.1" 200 11397 "http://www.google.com/search?q=winterskate&ie=utf-8&oe=utf-8&aq=t&rls=org.mozilla:en-US:official&client=firefox-a" "Mozilla/5.0 (Macintosh; U; Intel Mac OS X; en-US; rv:1.8.1.11) Gecko/20071127 Firefox/2.0.0.11"
128.101.184.214 - - [15/Dec/2007:16:44:31 -0800] "GET /style/main.css HTTP/1.1" 200 6526 "http://saintpaul.openguides.org/index.cgi?WinterSkate" "Mozilla/5.0 (Macintosh; U; Intel Mac OS X; en-US; rv:1.8.1.11) Gecko/20071127 Firefox/2.0.0.11"
128.101.184.214 - - [15/Dec/2007:16:44:33 -0800] "GET /favicon.ico HTTP/1.1" 200 0 "-" "Mozilla/5.0 (Macintosh; U; Intel Mac OS X; en-US; rv:1.8.1.11) Gecko/20071127 Firefox/2.0.0.11"
128.101.184.214 - - [15/Dec/2007:16:44:35 -0800] "GET /images/ogsp_banner.jpg HTTP/1.1" 200 206115 "http://saintpaul.openguides.org/style/main.css" "Mozilla/5.0 (Macintosh; U; Intel Mac OS X; en-US; rv:1.8.1.11) Gecko/20071127 Firefox/2.0.0.11"
74.6.28.36 - - [15/Dec/2007:16:45:15 -0800] "GET /index.cgi?action=show_backlinks;id=Category_Deli HTTP/1.0" 200 5120 "-" "Mozilla/5.0 (compatible; Yahoo! Slurp; http://help.yahoo.com/help/us/ysearch/slurp)"
74.6.27.116 - - [15/Dec/2007:16:45:37 -0800] "GET /index.cgi?id=Category_Libraries;action=delete HTTP/1.0" 200 5597 "-" "Mozilla/5.0 (compatible; Yahoo! Slurp; http://help.yahoo.com/help/us/ysearch/slurp)"
66.249.70.194 - - [15/Dec/2007:16:46:17 -0800] "GET /index.cgi?Circle_Cafe HTTP/1.1" 200 10237 "-" "Mozilla/5.0 (compatible; Googlebot/2.1; +http://www.google.com/bot.html)"
66.249.70.194 - - [15/Dec/2007:16:48:04 -0800] "GET /index.cgi?Hideaway_Cafe HTTP/1.1" 200 10273 "-" "Mozilla/5.0 (compatible; Googlebot/2.1; +http://www.google.com/bot.html)"
74.6.28.105 - - [15/Dec/2007:16:48:32 -0800] "GET /index.cgi?Category_Barbecue HTTP/1.0" 200 8028 "-" "Mozilla/5.0 (compatible; Yahoo! Slurp; http://help.yahoo.com/help/us/ysearch/slurp)"
66.249.70.194 - - [15/Dec/2007:16:49:51 -0800] "GET /index.cgi?id=Jehovah's_Witnesses;action=edit HTTP/1.1" 200 10674 "-" "Mozilla/5.0 (compatible; Googlebot/2.1; +http://www.google.com/bot.html)"
66.249.70.194 - - [15/Dec/2007:16:51:38 -0800] "GET /index.cgi?id=Community_Missionary_Baptist;action=edit HTTP/1.1" 200 10731 "-" "Mozilla/5.0 (compatible; Googlebot/2.1; +http://www.google.com/bot.html)"
74.6.20.134 - - [15/Dec/2007:16:52:12 -0800] "GET /index.cgi?action=show_backlinks;id=128_Cafe HTTP/1.0" 200 5037 "-" "Mozilla/5.0 (compatible; Yahoo! Slurp; http://help.yahoo.com/help/us/ysearch/slurp)"
74.6.20.150 - - [15/Dec/2007:16:52:59 -0800] "GET /index.cgi?St_Alban's_Episcopal_Church HTTP/1.0" 200 7396 "-" "Mozilla/5.0 (compatible; Yahoo! Slurp; http://help.yahoo.com/help/us/ysearch/slurp)"
66.249.70.194 - - [15/Dec/2007:16:53:00 -0800] "GET /index.cgi?id=Salem_House;format=rdf HTTP/1.1" 200 1807 "-" "Mozilla/5.0 (compatible; Googlebot/2.1; +http://www.google.com/bot.html)"
66.249.70.194 - - [15/Dec/2007:16:53:25 -0800] "GET /index.cgi?id=Outreach_For_Christ_Ministry;action=edit HTTP/1.1" 200 10727 "-" "Mozilla/5.0 (compatible; Googlebot/2.1; +http://www.google.com/bot.html)"
74.6.23.15 - - [15/Dec/2007:16:54:04 -0800] "GET /index.cgi?action=show_backlinks;id=Category_Japanese%2FBar HTTP/1.0" 200 5162 "-" "Mozilla/5.0 (compatible; Yahoo! Slurp; http://help.yahoo.com/help/us/ysearch/slurp)"
66.249.70.194 - - [15/Dec/2007:16:55:13 -0800] "GET /index.cgi?id=Riverside_Parsonage_Study;action=edit HTTP/1.1" 200 10712 "-" "Mozilla/5.0 (compatible; Googlebot/2.1; +http://www.google.com/bot.html)"
66.249.70.194 - - [15/Dec/2007:16:55:45 -0800] "GET /index.cgi?id=Aldersgate_United_Methodist;action=edit HTTP/1.1" 200 10728 "-" "Mozilla/5.0 (compatible; Googlebot/2.1; +http://www.google.com/bot.html)"
66.249.70.194 - - [15/Dec/2007:16:57:00 -0800] "GET /index.cgi?Annie's_Parlour_Of_Ice_Cream HTTP/1.1" 200 10588 "-" "Mozilla/5.0 (compatible; Googlebot/2.1; +http://www.google.com/bot.html)"
209.134.143.90 - - [15/Dec/2007:16:57:31 -0800] "GET /index.cgi?Ginelli's_Pizza_(8th_St) HTTP/1.1" 200 11174 "http://www.google.com/search?hl=en&client=safari&rls=en&q=ginelli%27s+pizza+minneapolis&btnG=Search" "Mozilla/5.0 (Macintosh; U; PPC Mac OS X; en) AppleWebKit/312.9 (KHTML, like Gecko) Safari/312.6"
209.134.143.90 - - [15/Dec/2007:16:57:32 -0800] "GET /style/main.css HTTP/1.1" 200 6526 "http://saintpaul.openguides.org/index.cgi?Ginelli's_Pizza_(8th_St)" "Mozilla/5.0 (Macintosh; U; PPC Mac OS X; en) AppleWebKit/312.9 (KHTML, like Gecko) Safari/312.6"
209.134.143.90 - - [15/Dec/2007:16:57:32 -0800] "GET /favicon.ico HTTP/1.1" 200 0 "-" "Mozilla/5.0 (Macintosh; U; PPC Mac OS X; en) AppleWebKit/312.9 (KHTML, like Gecko) Safari/312.6"
209.134.143.90 - - [15/Dec/2007:16:57:38 -0800] "GET /images/ogsp_banner.jpg HTTP/1.1" 200 206115 "http://saintpaul.openguides.org/index.cgi?Ginelli's_Pizza_(8th_St)" "Mozilla/5.0 (Macintosh; U; PPC Mac OS X; en) AppleWebKit/312.9 (KHTML, like Gecko) Safari/312.6"
72.30.179.218 - - [15/Dec/2007:16:58:26 -0800] "GET /index.cgi?action=index;format=map;index_type=locale;index_value=Roseville HTTP/1.0" 200 7389 "-" "Mozilla/5.0 (compatible; Yahoo! Slurp; http://help.yahoo.com/help/us/ysearch/slurp)"
66.249.70.194 - - [15/Dec/2007:16:58:29 -0800] "GET /index.cgi?action=edit;id=Salem_House HTTP/1.1" 200 10612 "-" "Mozilla/5.0 (compatible; Googlebot/2.1; +http://www.google.com/bot.html)"
66.249.70.194 - - [15/Dec/2007:16:58:47 -0800] "GET /index.cgi?id=Mount_Olive_Church_Of_God;action=edit HTTP/1.1" 200 10711 "-" "Mozilla/5.0 (compatible; Googlebot/2.1; +http://www.google.com/bot.html)"
193.200.193.118 - - [15/Dec/2007:16:59:35 -0800] "GET /preferences.cgi HTTP/1.0" 200 6408 "-" "Mozilla/4.0 (compatible; MSIE 7.0; Windows NT 6.0; SLCC1; .NET CLR 2.0.50727; Media Center PC 5.0; .NET CLR 3.0.04506; InfoPath.2)"
193.200.193.118 - - [15/Dec/2007:16:59:37 -0800] "POST /preferences.cgi HTTP/1.0" 200 4216 "-" "Mozilla/4.0 (compatible; MSIE 7.0; Windows NT 6.0; SLCC1; .NET CLR 2.0.50727; Media Center PC 5.0; .NET CLR 3.0.04506; InfoPath.2)"
66.249.70.194 - - [15/Dec/2007:17:00:34 -0800] "GET /index.cgi?Eglaseas_Cafe HTTP/1.1" 200 10272 "-" "Mozilla/5.0 (compatible; Googlebot/2.1; +http://www.google.com/bot.html)"
66.249.70.194 - - [15/Dec/2007:17:02:21 -0800] "GET /index.cgi?First_Wok_Chineese_Restaurant HTTP/1.1" 200 10567 "-" "Mozilla/5.0 (compatible; Googlebot/2.1; +http://www.google.com/bot.html)"
66.249.70.194 - - [15/Dec/2007:17:04:08 -0800] "GET /index.cgi?action=edit;id=Asbury_United_Methodist_Church HTTP/1.1" 200 10750 "-" "Mozilla/5.0 (compatible; Googlebot/2.1; +http://www.google.com/bot.html)"
66.249.70.194 - - [15/Dec/2007:17:05:55 -0800] "GET /index.cgi?Falls_Cafe HTTP/1.1" 200 10081 "-" "Mozilla/5.0 (compatible; Googlebot/2.1; +http://www.google.com/bot.html)"
66.249.70.194 - - [15/Dec/2007:17:07:43 -0800] "GET /index.cgi?action=edit;id=Evangelical_Lutheran_Church HTTP/1.1" 200 10733 "-" "Mozilla/5.0 (compatible; Googlebot/2.1; +http://www.google.com/bot.html)"
66.249.70.194 - - [15/Dec/2007:17:09:30 -0800] "GET /index.cgi?action=edit;id=St_Peter's_Ame_Church HTTP/1.1" 200 10687 "-" "Mozilla/5.0 (compatible; Googlebot/2.1; +http://www.google.com/bot.html)"
74.6.19.222 - - [15/Dec/2007:17:09:56 -0800] "GET /index.cgi?112_Eatery HTTP/1.0" 200 11361 "-" "Mozilla/5.0 (compatible; Yahoo! Slurp; http://help.yahoo.com/help/us/ysearch/slurp)"
66.249.70.194 - - [15/Dec/2007:17:11:17 -0800] "GET /index.cgi?Flameburger HTTP/1.1" 200 10243 "-" "Mozilla/5.0 (compatible; Googlebot/2.1; +http://www.google.com/bot.html)"
66.249.70.194 - - [15/Dec/2007:17:12:14 -0800] "GET /index.cgi?id=Vegas_Lounge;version=1 HTTP/1.1" 200 8364 "-" "Mozilla/5.0 (compatible; Googlebot/2.1; +http://www.google.com/bot.html)"
66.249.70.194 - - [15/Dec/2007:17:13:04 -0800] "GET /index.cgi?Broadway_Pizza HTTP/1.1" 200 8404 "-" "Mozilla/5.0 (compatible; Googlebot/2.1; +http://www.google.com/bot.html)"
209.85.238.23 - - [15/Dec/2007:17:14:36 -0800] "GET /index.cgi?action=rc;format=rss HTTP/1.1" 304 - "-" "Feedfetcher-Google; (+http://www.google.com/feedfetcher.html; 2 subscribers; feed-id=2591756046506335941)"
66.249.70.194 - - [15/Dec/2007:17:14:51 -0800] "GET /index.cgi?action=edit;id=Bryn_Mawr_Presbyterian_Church HTTP/1.1" 200 10734 "-" "Mozilla/5.0 (compatible; Googlebot/2.1; +http://www.google.com/bot.html)"
66.249.70.194 - - [15/Dec/2007:17:14:58 -0800] "GET /index.cgi?id=Tony_Jaro's_River_Garden;version=1 HTTP/1.1" 200 8536 "-" "Mozilla/5.0 (compatible; Googlebot/2.1; +http://www.google.com/bot.html)"
74.6.28.36 - - [15/Dec/2007:17:16:18 -0800] "GET /index.cgi?action=edit;id=Category_Museum HTTP/1.0" 200 10652 "-" "Mozilla/5.0 (compatible; Yahoo! Slurp; http://help.yahoo.com/help/us/ysearch/slurp)"
66.249.70.194 - - [15/Dec/2007:17:16:39 -0800] "GET /index.cgi?action=list_all_versions;id=Bethlehem_Covenant_Church HTTP/1.1" 200 7896 "-" "Mozilla/5.0 (compatible; Googlebot/2.1; +http://www.google.com/bot.html)"
74.6.23.169 - - [15/Dec/2007:17:16:58 -0800] "GET /index.cgi?action=index;format=map;index_type=locale;index_value=Dayton's%20Bluff HTTP/1.0" 200 6090 "-" "Mozilla/5.0 (compatible; Yahoo! Slurp; http://help.yahoo.com/help/us/ysearch/slurp)"
66.249.70.194 - - [15/Dec/2007:17:17:43 -0800] "GET /index.cgi?id=Tracy's_Saloon;version=1 HTTP/1.1" 200 8409 "-" "Mozilla/5.0 (compatible; Googlebot/2.1; +http://www.google.com/bot.html)"
66.249.70.194 - - [15/Dec/2007:17:18:25 -0800] "GET /index.cgi?Grand_Cafe HTTP/1.1" 200 8336 "-" "Mozilla/5.0 (compatible; Googlebot/2.1; +http://www.google.com/bot.html)"
66.249.70.194 - - [15/Dec/2007:17:20:12 -0800] "GET /index.cgi?id=Slavic_Evangelical_Baptist_Chr;action=edit HTTP/1.1" 200 10746 "-" "Mozilla/5.0 (compatible; Googlebot/2.1; +http://www.google.com/bot.html)"
66.249.70.194 - - [15/Dec/2007:17:20:27 -0800] "GET /index.cgi?id=Mickey's_Diner;version=6 HTTP/1.1" 200 11989 "-" "Mozilla/5.0 (compatible; Googlebot/2.1; +http://www.google.com/bot.html)"
66.249.70.194 - - [15/Dec/2007:17:22:00 -0800] "GET /index.cgi?Deli_Supreme HTTP/1.1" 200 10260 "-" "Mozilla/5.0 (compatible; Googlebot/2.1; +http://www.google.com/bot.html)"
66.249.70.194 - - [15/Dec/2007:17:23:13 -0800] "GET /index.cgi?id=Wells_Fargo_Tower;version=4 HTTP/1.1" 200 11479 "-" "Mozilla/5.0 (compatible; Googlebot/2.1; +http://www.google.com/bot.html)"
66.249.70.194 - - [15/Dec/2007:17:23:47 -0800] "GET /index.cgi?id=Christ_Gospel_Church;action=edit HTTP/1.1" 200 10678 "-" "Mozilla/5.0 (compatible; Googlebot/2.1; +http://www.google.com/bot.html)"
66.249.70.194 - - [15/Dec/2007:17:25:34 -0800] "GET /index.cgi?action=edit;id=Bethesda_Church HTTP/1.1" 200 10640 "-" "Mozilla/5.0 (compatible; Googlebot/2.1; +http://www.google.com/bot.html)"
