66.249.70.194 - - [15/Dec/2007:04:02:14 -0800] "GET /index.cgi?action=list_all_versions;id=Big_Mike's_Super_Subs HTTP/1.1" 200 6619 "-" "Mozilla/5.0 (compatible; Googlebot/2.1; +http://www.google.com/bot.html)"
66.249.70.194 - - [15/Dec/2007:04:03:41 -0800] "GET /index.cgi?id=Caravelle_Restaurant_III;action=edit HTTP/1.1" 200 10732 "-" "Mozilla/5.0 (compatible; Googlebot/2.1; +http://www.google.com/bot.html)"
66.249.70.194 - - [15/Dec/2007:04:05:10 -0800] "GET /index.cgi?id=Ideal_Diner;format=rdf HTTP/1.1" 200 2013 "-" "Mozilla/5.0 (compatible; Googlebot/2.1; +http://www.google.com/bot.html)"
66.249.70.194 - - [15/Dec/2007:04:06:36 -0800] "GET /index.cgi?id=Hunan_Chinese_Restaurant;format=rdf HTTP/1.1" 200 2057 "-" "Mozilla/5.0 (compatible; Googlebot/2.1; +http://www.google.com/bot.html)"
66.249.70.194 - - [15/Dec/2007:04:08:05 -0800] "GET /index.cgi?action=list_all_versions;id=Cactus_Cafe HTTP/1.1" 200 6481 "-" "Mozilla/5.0 (compatible; Googlebot/2.1; +http://www.google.com/bot.html)"
74.6.22.220 - - [15/Dec/2007:04:09:09 -0800] "GET /index.cgi?action=edit;id=Vietnamese_Alliance_Church HTTP/1.0" 200 10817 "-" "Mozilla/5.0 (compatible; Yahoo! Slurp; http://help.yahoo.com/help/us/ysearch/slurp)"
66.249.70.194 - - [15/Dec/2007:04:09:32 -0800] "GET /index.cgi?id=Franks_A_Million;version=1;diffversion=2 HTTP/1.1" 200 6181 "-" "Mozilla/5.0 (compatible; Googlebot/2.1; +http://www.google.com/bot.html)"
66.249.70.194 - - [15/Dec/2007:04:11:00 -0800] "GET /index.cgi?id=Dynasty_Chinese_Restaurant;action=delete HTTP/1.1" 200 5656 "-" "Mozilla/5.0 (compatible; Googlebot/2.1; +http://www.google.com/bot.html)"
66.249.70.194 - - [15/Dec/2007:04:12:27 -0800] "GET /index.cgi?id=Exchange_Grill;format=rdf HTTP/1.1" 200 2021 "-" "Mozilla/5.0 (compatible; Googlebot/2.1; +http://www.google.com/bot.html)"
65.55.208.133 - - [15/Dec/2007:04:12:42 -0800] "GET /robots.txt HTTP/1.0" 200 31 "-" "msnbot/1.0 (+http://search.msn.com/msnbot.htm)"
65.55.208.133 - - [15/Dec/2007:04:12:43 -0800] "GET /index.cgi?action=index;index_type=category;index_value=Locales HTTP/1.0" 200 13212 "-" "msnbot/1.0 (+http://search.msn.com/msnbot.htm)"
66.249.70.194 - - [15/Dec/2007:04:13:55 -0800] "GET /index.cgi?action=list_all_versions;id=Dish HTTP/1.1" 200 6397 "-" "Mozilla/5.0 (compatible; Googlebot/2.1; +http://www.google.com/bot.html)"
74.6.24.27 - - [15/Dec/2007:04:14:08 -0800] "GET /index.cgi?id=Locale_Eagan;action=delete HTTP/1.0" 200 5567 "-" "Mozilla/5.0 (compatible; Yahoo! Slurp; http://help.yahoo.com/help/us/ysearch/slurp)"
209.85.238.23 - - [15/Dec/2007:04:14:20 -0800] "GET /index.cgi?action=rc;format=rss HTTP/1.1" 304 - "-" "Feedfetcher-Google; (+http://www.google.com/feedfetcher.html; 2 subscribers; feed-id=2591756046506335941)"
65.55.165.59 - - [15/Dec/2007:04:14:23 -0800] "GET /index.cgi?action=index;index_type=category;index_value=Locales HTTP/1.0" 200 13212 "http://search.live.com/results.aspx?q=locale&mrt=en-us&FORM=LIVSOP" "Mozilla/4.0 (compatible; MSIE 7.0; Windows NT 5.2; .NET CLR 1.1.4322)"
65.55.165.59 - - [15/Dec/2007:04:14:23 -0800] "GET /style/main.css HTTP/1.0" 200 6526 "http://saintpaul.openguides.org/index.cgi?action=index;index_type=category;index_value=Locales" "Mozilla/4.0 (compatible; MSIE 7.0; Windows NT 5.2; .NET CLR 1.1.4322)"
66.249.70.194 - - [15/Dec/2007:04:15:28 -0800] "GET /index.cgi?id=Balzinc;action=delete HTTP/1.1" 200 5561 "-" "Mozilla/5.0 (compatible; Googlebot/2.1; +http://www.google.com/bot.html)"
66.249.70.194 - - [15/Dec/2007:04:16:49 -0800] "GET /index.cgi?id=Citti_Caffe;action=delete HTTP/1.1" 200 5581 "-" "Mozilla/5.0 (compatible; Googlebot/2.1; +http://www.google.com/bot.html)"
66.249.70.194 - - [15/Dec/2007:04:18:04 -0800] "GET /index.cgi?action=show_backlinks;id=Plaza_Maplewood_Theater HTTP/1.1" 200 5101 "-" "Mozilla/5.0 (compatible; Googlebot/2.1; +http://www.google.com/bot.html)"
66.249.70.194 - - [15/Dec/2007:04:18:17 -0800] "GET /index.cgi?id=Fresh_Squeezed_Juice_Bar;version=1;diffversion=2 HTTP/1.1" 200 6213 "-" "Mozilla/5.0 (compatible; Googlebot/2.1; +http://www.google.com/bot.html)"
66.249.70.194 - - [15/Dec/2007:04:19:45 -0800] "GET /index.cgi?id=Donatelli_Brothers_Restaurant;action=delete HTTP/1.1" 200 5671 "-" "Mozilla/5.0 (compatible; Googlebot/2.1; +http://www.google.com/bot.html)"
66.249.70.194 - - [15/Dec/2007:04:21:12 -0800] "GET /index.cgi?id=China_Village;format=rdf HTTP/1.1" 200 2015 "-" "Mozilla/5.0 (compatible; Googlebot/2.1; +http://www.google.com/bot.html)"
72.233.58.23 - - [15/Dec/2007:04:21:17 -0800] "GET /index.cgi?action=edit;id=Checker_Board_Pizza%25253Baction%25253Dedit HTTP/1.1" 200 10698 "-" "-"
66.249.70.194 - - [15/Dec/2007:04:22:40 -0800] "GET /index.cgi?action=list_all_versions;id=Cafe_Lurcat HTTP/1.1" 200 6481 "-" "Mozilla/5.0 (compatible; Googlebot/2.1; +http://www.google.com/bot.html)"
66.249.70.194 - - [15/Dec/2007:04:24:08 -0800] "GET /index.cgi?id=Hong_Kong_Cafe;format=rdf HTTP/1.1" 200 1778 "-" "Mozilla/5.0 (compatible; Googlebot/2.1; +http://www.google.com/bot.html)"
66.249.70.194 - - [15/Dec/2007:04:25:35 -0800] "GET /index.cgi?action=list_all_versions;id=Fuddruckers HTTP/1.1" 200 5888 "-" "Mozilla/5.0 (compatible; Googlebot/2.1; +http://www.google.com/bot.html)"
66.249.70.194 - - [15/Dec/2007:04:26:21 -0800] "GET /index.cgi?action=list_all_versions;id=Locale_Brooklyn_Park HTTP/1.1" 200 5984 "-" "Mozilla/5.0 (compatible; Googlebot/2.1; +http://www.google.com/bot.html)"
66.249.70.194 - - [15/Dec/2007:04:27:03 -0800] "GET /index.cgi?id=Golden_Dragon_Restaurant;format=rdf HTTP/1.1" 200 2046 "-" "Mozilla/5.0 (compatible; Googlebot/2.1; +http://www.google.com/bot.html)"
74.6.24.105 - - [15/Dec/2007:04:28:00 -0800] "GET /index.cgi?Lake_Inn HTTP/1.0" 200 8282 "-" "Mozilla/5.0 (compatible; Yahoo! Slurp; http://help.yahoo.com/help/us/ysearch/slurp)"
66.249.70.194 - - [15/Dec/2007:04:28:30 -0800] "GET /index.cgi?action=show_backlinks;id=Dos_Amigo's HTTP/1.1" 200 5065 "-" "Mozilla/5.0 (compatible; Googlebot/2.1; +http://www.google.com/bot.html)"
74.6.25.198 - - [15/Dec/2007:04:28:45 -0800] "GET /index.cgi?id=Vietnamese_Alliance_Church;action=edit HTTP/1.0" 200 10817 "-" "Mozilla/5.0 (compatible; Yahoo! Slurp; http://help.yahoo.com/help/us/ysearch/slurp)"
66.249.70.194 - - [15/Dec/2007:04:29:10 -0800] "GET /index.cgi?action=rc;format=rss;locale=chanhassen HTTP/1.1" 304 - "-" "Mozilla/5.0 (compatible; Googlebot/2.1; +http://www.google.com/bot.html)"
66.249.70.194 - - [15/Dec/2007:04:29:59 -0800] "GET /index.cgi?id=Corn_Dog_Plus;format=rdf HTTP/1.1" 200 1771 "-" "Mozilla/5.0 (compatible; Googlebot/2.1; +http://www.google.com/bot.html)"
64.92.170.181 - - [15/Dec/2007:04:30:34 -0800] "GET /index.cgi?action=rc;format=rss HTTP/1.1" 304 - "-" "Planet OpenGuides http://everywhere.openguides.org/ Planet/0.2 http://www.planetplanet.org/ UltraLiberalFeedParser/2.7.6 +http://diveintomark.org/projects/feed_parser/"
74.6.25.102 - - [15/Dec/2007:04:30:36 -0800] "GET /index.cgi?Macedonia_Baptist_Church HTTP/1.0" 200 10354 "-" "Mozilla/5.0 (compatible; Yahoo! Slurp; http://help.yahoo.com/help/us/ysearch/slurp)"
66.249.70.194 - - [15/Dec/2007:04:31:25 -0800] "GET /index.cgi?id=Baja_Tortilla_Grill;action=delete HTTP/1.1" 200 5621 "-" "Mozilla/5.0 (compatible; Googlebot/2.1; +http://www.google.com/bot.html)"
66.249.70.194 - - [15/Dec/2007:04:32:54 -0800] "GET /index.cgi?id=Edinburgh_USA;action=delete HTTP/1.1" 200 5591 "-" "Mozilla/5.0 (compatible; Googlebot/2.1; +http://www.google.com/bot.html)"
74.6.24.218 - - [15/Dec/2007:04:33:47 -0800] "GET /index.cgi?Groveland_Tap HTTP/1.0" 200 8379 "-" "Mozilla/5.0 (compatible; Yahoo! Slurp; http://help.yahoo.com/help/us/ysearch/slurp)"
66.249.70.194 - - [15/Dec/2007:04:34:21 -0800] "GET /index.cgi?id=Huie's_Chow_Mein;format=rdf HTTP/1.1" 200 2036 "-" "Mozilla/5.0 (compatible; Googlebot/2.1; +http://www.google.com/bot.html)"
66.249.70.194 - - [15/Dec/2007:04:34:38 -0800] "GET /index.cgi?id=Saint_Anthony_Park;version=5;diffversion=6 HTTP/1.1" 200 7765 "-" "Mozilla/5.0 (compatible; Googlebot/2.1; +http://www.google.com/bot.html)"
66.249.70.194 - - [15/Dec/2007:04:35:49 -0800] "GET /index.cgi?action=list_all_versions;id=First_Wok_Chineese_Restaurant HTTP/1.1" 200 6697 "-" "Mozilla/5.0 (compatible; Googlebot/2.1; +http://www.google.com/bot.html)"
66.249.70.194 - - [15/Dec/2007:04:37:16 -0800] "GET /index.cgi?id=Daddio's;format=rdf HTTP/1.1" 200 2013 "-" "Mozilla/5.0 (compatible; Googlebot/2.1; +http://www.google.com/bot.html)"
74.6.24.13 - - [15/Dec/2007:04:37:54 -0800] "GET /index.cgi?Category_American/Brunch HTTP/1.0" 200 8162 "-" "Mozilla/5.0 (compatible; Yahoo! Slurp; http://help.yahoo.com/help/us/ysearch/slurp)"
74.6.26.12 - - [15/Dec/2007:04:37:55 -0800] "GET /index.cgi?St_John's_Baptist_Church HTTP/1.0" 200 10383 "-" "Mozilla/5.0 (compatible; Yahoo! Slurp; http://help.yahoo.com/help/us/ysearch/slurp)"
66.249.70.194 - - [15/Dec/2007:04:38:44 -0800] "GET /index.cgi?action=show_backlinks;id=Du_Jour's_Casual_Cafe HTTP/1.1" 200 5095 "-" "Mozilla/5.0 (compatible; Googlebot/2.1; +http://www.google.com/bot.html)"
66.249.70.194 - - [15/Dec/2007:04:40:11 -0800] "GET /index.cgi?action=list_all_versions;id=House_Of_Ming HTTP/1.1" 200 6505 "-" "Mozilla/5.0 (compatible; Googlebot/2.1; +http://www.google.com/bot.html)"
74.6.20.155 - - [15/Dec/2007:04:41:23 -0800] "GET /index.cgi?Body_Of_Christ_Church HTTP/1.0" 200 10300 "-" "Mozilla/5.0 (compatible; Yahoo! Slurp; http://help.yahoo.com/help/us/ysearch/slurp)"
66.249.70.194 - - [15/Dec/2007:04:41:39 -0800] "GET /index.cgi?action=show_backlinks;id=Ho_Ho_Gourmet HTTP/1.1" 200 5071 "-" "Mozilla/5.0 (compatible; Googlebot/2.1; +http://www.google.com/bot.html)"
66.249.70.194 - - [15/Dec/2007:04:43:06 -0800] "GET /index.cgi?action=list_all_versions;id=Fireside_Lounge HTTP/1.1" 200 5920 "-" "Mozilla/5.0 (compatible; Googlebot/2.1; +http://www.google.com/bot.html)"
74.6.19.75 - - [15/Dec/2007:04:43:36 -0800] "GET /index.cgi?Church_Metro HTTP/1.0" 200 10140 "-" "Mozilla/5.0 (compatible; Yahoo! Slurp; http://help.yahoo.com/help/us/ysearch/slurp)"
66.249.70.194 - - [15/Dec/2007:04:44:34 -0800] "GET /index.cgi?id=Brownie's_Restaurant;format=rdf HTTP/1.1" 200 2058 "-" "Mozilla/5.0 (compatible; Googlebot/2.1; +http://www.google.com/bot.html)"
74.6.7.75 - - [15/Dec/2007:04:45:13 -0800] "GET /index.cgi?id=Category_Joy;version=1 HTTP/1.0" 200 8095 "-" "Mozilla/5.0 (compatible; Yahoo! Slurp; http://help.yahoo.com/help/us/ysearch/slurp)"
66.249.70.194 - - [15/Dec/2007:04:45:40 -0800] "GET /index.cgi?action=show_backlinks;id=Axel's_River_Grille HTTP/1.1" 200 5089 "-" "Mozilla/5.0 (compatible; Googlebot/2.1; +http://www.google.com/bot.html)"
74.6.28.136 - - [15/Dec/2007:04:45:46 -0800] "GET /index.cgi?id=Vietnamese_Alliance_Church;version=5 HTTP/1.0" 200 11058 "-" "Mozilla/5.0 (compatible; Yahoo! Slurp; http://help.yahoo.com/help/us/ysearch/slurp)"
66.249.70.194 - - [15/Dec/2007:04:46:02 -0800] "GET /index.cgi?action=list_all_versions;id=Canton_Village HTTP/1.1" 200 6517 "-" "Mozilla/5.0 (compatible; Googlebot/2.1; +http://www.google.com/bot.html)"
66.249.70.194 - - [15/Dec/2007:04:47:29 -0800] "GET /index.cgi?id=Espresso_Royale_Cafe;version=1;diffversion=2 HTTP/1.1" 200 6197 "-" "Mozilla/5.0 (compatible; Googlebot/2.1; +http://www.google.com/bot.html)"
74.6.28.141 - - [15/Dec/2007:04:48:11 -0800] "GET /index.cgi?id=Apache_Wells_Sports_Bar_And_Grll;format=rdf HTTP/1.0" 200 1847 "-" "Mozilla/5.0 (compatible; Yahoo! Slurp; http://help.yahoo.com/help/us/ysearch/slurp)"
74.6.23.206 - - [15/Dec/2007:04:48:46 -0800] "GET /index.cgi?id=Category_Joy;action=edit HTTP/1.0" 200 10660 "-" "Mozilla/5.0 (compatible; Yahoo! Slurp; http://help.yahoo.com/help/us/ysearch/slurp)"
66.249.70.194 - - [15/Dec/2007:04:48:57 -0800] "GET /index.cgi?action=show_backlinks;id=Cafe_Luxeford HTTP/1.1" 200 5071 "-" "Mozilla/5.0 (compatible; Googlebot/2.1; +http://www.google.com/bot.html)"
72.232.184.194 - - [15/Dec/2007:04:50:10 -0800] "GET /index.cgi?action=edit;id=Checker_Board_Pizza%25253Baction%25253Dedit HTTP/1.1" 200 10698 "-" "-"
74.6.7.118 - - [15/Dec/2007:04:50:19 -0800] "GET /index.cgi?action=list_all_versions;id=Zion_Victory_Church HTTP/1.0" 200 9489 "-" "Mozilla/5.0 (compatible; Yahoo! Slurp; http://help.yahoo.com/help/us/ysearch/slurp)"
66.249.70.194 - - [15/Dec/2007:04:50:24 -0800] "GET /index.cgi?id=Eglaseas_Cafe;action=delete HTTP/1.1" 200 5591 "-" "Mozilla/5.0 (compatible; Googlebot/2.1; +http://www.google.com/bot.html)"
66.249.70.194 - - [15/Dec/2007:04:51:52 -0800] "GET /index.cgi?action=show_backlinks;id=Grand_Shanghai_Express HTTP/1.1" 200 5098 "-" "Mozilla/5.0 (compatible; Googlebot/2.1; +http://www.google.com/bot.html)"
74.6.20.207 - - [15/Dec/2007:04:52:29 -0800] "GET /index.cgi?Locale_Battle_Creek HTTP/1.0" 200 8299 "-" "Mozilla/5.0 (compatible; Yahoo! Slurp; http://help.yahoo.com/help/us/ysearch/slurp)"
66.249.70.194 - - [15/Dec/2007:04:53:20 -0800] "GET /index.cgi?id=Bev's_Winebar;version=1;diffversion=2 HTTP/1.1" 200 6171 "-" "Mozilla/5.0 (compatible; Googlebot/2.1; +http://www.google.com/bot.html)"
74.6.19.109 - - [15/Dec/2007:04:54:26 -0800] "GET /index.cgi?action=rc;format=rss;category=joy HTTP/1.0" 200 3293 "-" "Mozilla/5.0 (compatible; Yahoo! Slurp; http://help.yahoo.com/help/us/ysearch/slurp)"
66.249.70.194 - - [15/Dec/2007:04:54:48 -0800] "GET /index.cgi?id=Depot_Cafe;format=rdf HTTP/1.1" 200 1759 "-" "Mozilla/5.0 (compatible; Googlebot/2.1; +http://www.google.com/bot.html)"
66.249.70.194 - - [15/Dec/2007:04:56:15 -0800] "GET /index.cgi?action=list_all_versions;id=Hunan_Palace_Chinese_Rstrnt HTTP/1.1" 200 6016 "-" "Mozilla/5.0 (compatible; Googlebot/2.1; +http://www.google.com/bot.html)"
66.249.70.194 - - [15/Dec/2007:04:57:43 -0800] "GET /index.cgi?action=list_all_versions;id=Chin_Yung HTTP/1.1" 200 6457 "-" "Mozilla/5.0 (compatible; Googlebot/2.1; +http://www.google.com/bot.html)"
66.249.70.194 - - [15/Dec/2007:04:59:10 -0800] "GET /index.cgi?action=list_all_versions;id=Cozy_Cafe HTTP/1.1" 200 6457 "-" "Mozilla/5.0 (compatible; Googlebot/2.1; +http://www.google.com/bot.html)"
74.6.25.144 - - [15/Dec/2007:04:59:22 -0800] "GET /index.cgi?Category_European/German HTTP/1.0" 200 8162 "-" "Mozilla/5.0 (compatible; Yahoo! Slurp; http://help.yahoo.com/help/us/ysearch/slurp)"
66.249.70.194 - - [15/Dec/2007:04:59:28 -0800] "GET /index.cgi?id=Locale_Orgasm;format=rdf HTTP/1.1" 200 1339 "-" "Mozilla/5.0 (compatible; Googlebot/2.1; +http://www.google.com/bot.html)"
66.249.70.194 - - [15/Dec/2007:05:00:38 -0800] "GET /index.cgi?action=show_backlinks;id=Boxseat HTTP/1.1" 200 5053 "-" "Mozilla/5.0 (compatible; Googlebot/2.1; +http://www.google.com/bot.html)"
74.6.22.222 - - [15/Dec/2007:05:01:47 -0800] "GET / HTTP/1.0" 200 11373 "-" "Mozilla/5.0 (compatible; Yahoo! Slurp; http://help.yahoo.com/help/us/ysearch/slurp)"
66.249.70.194 - - [15/Dec/2007:05:02:05 -0800] "GET /index.cgi?id=Hot_Wok;format=rdf HTTP/1.1" 200 1999 "-" "Mozilla/5.0 (compatible; Googlebot/2.1; +http://www.google.com/bot.html)"
66.249.70.194 - - [15/Dec/2007:05:02:13 -0800] "GET /index.cgi?action=list_all_versions;id=Locale_Phalen HTTP/1.1" 200 5978 "-" "Mozilla/5.0 (compatible; Googlebot/2.1; +http://www.google.com/bot.html)"
84.109.80.99 - - [15/Dec/2007:05:02:25 -0800] "GET /index.cgi?Checker_Board_Pizza%25253Baction%25253Dedit HTTP/1.0" 200 7368 "-" "Mozilla/4.0 (compatible; MSIE 6.0; Windows NT 5.1)"
84.109.80.99 - - [15/Dec/2007:05:02:28 -0800] "POST /search.cgi HTTP/1.0" 200 5942 "http://saintpaul.openguides.org/index.cgi?Checker_Board_Pizza%25253Baction%25253Dedit" "Mozilla/4.0 (compatible; MSIE 6.0; Windows NT 5.1)"
66.249.70.194 - - [15/Dec/2007:05:03:34 -0800] "GET /index.cgi?id=Fowl_Play;action=delete HTTP/1.1" 200 5571 "-" "Mozilla/5.0 (compatible; Googlebot/2.1; +http://www.google.com/bot.html)"
74.6.28.234 - - [15/Dec/2007:05:03:53 -0800] "GET /index.cgi?id=Vietnamese_Alliance_Church;format=rdf HTTP/1.0" 200 2595 "-" "Mozilla/5.0 (compatible; Yahoo! Slurp; http://help.yahoo.com/help/us/ysearch/slurp)"
74.6.25.231 - - [15/Dec/2007:05:04:49 -0800] "GET /index.cgi?id=Locale_Victory_Neighborhood;action=edit HTTP/1.0" 200 10678 "-" "Mozilla/5.0 (compatible; Yahoo! Slurp; http://help.yahoo.com/help/us/ysearch/slurp)"
74.6.23.138 - - [15/Dec/2007:05:04:52 -0800] "GET /index.cgi?Category_Coffee_Bars HTTP/1.0" 200 8207 "-" "Mozilla/5.0 (compatible; Yahoo! Slurp; http://help.yahoo.com/help/us/ysearch/slurp)"
66.249.70.194 - - [15/Dec/2007:05:04:59 -0800] "GET /index.cgi?id=Holy_Trinity_And_St_Anskar;format=rdf HTTP/1.1" 200 3033 "-" "Mozilla/5.0 (compatible; Googlebot/2.1; +http://www.google.com/bot.html)"
66.249.70.194 - - [15/Dec/2007:05:05:00 -0800] "GET /index.cgi?action=list_all_versions;id=Fair_Oaks_Restaurant HTTP/1.1" 200 6589 "-" "Mozilla/5.0 (compatible; Googlebot/2.1; +http://www.google.com/bot.html)"
66.249.70.194 - - [15/Dec/2007:05:06:28 -0800] "GET /index.cgi?id=Broadway_Pizza;format=rdf HTTP/1.1" 200 1787 "-" "Mozilla/5.0 (compatible; Googlebot/2.1; +http://www.google.com/bot.html)"
84.109.80.97 - - [15/Dec/2007:05:06:31 -0800] "GET /index.cgi?Checker_Board_Pizza%25253Baction%25253Dedit HTTP/1.0" 200 7368 "-" "Mozilla/4.0 (compatible; MSIE 6.0; Windows NT 5.1)"
84.109.80.97 - - [15/Dec/2007:05:06:46 -0800] "POST /search.cgi HTTP/1.0" 200 5942 "http://saintpaul.openguides.org/index.cgi?Checker_Board_Pizza%25253Baction%25253Dedit" "Mozilla/4.0 (compatible; MSIE 6.0; Windows NT 5.1)"
66.249.70.194 - - [15/Dec/2007:05:07:45 -0800] "GET /index.cgi?id=A_Slice_Of_New_York;version=3;diffversion=4 HTTP/1.1" 200 7129 "-" "Mozilla/5.0 (compatible; Googlebot/2.1; +http://www.google.com/bot.html)"
66.249.70.194 - - [15/Dec/2007:05:07:56 -0800] "GET /index.cgi?action=show_backlinks;id=Ivories_Restaurant HTTP/1.1" 200 5086 "-" "Mozilla/5.0 (compatible; Googlebot/2.1; +http://www.google.com/bot.html)"
66.249.70.194 - - [15/Dec/2007:05:09:23 -0800] "GET /index.cgi?id=First_Wok_Chineese_Restaurant;version=1;diffversion=2 HTTP/1.1" 200 6233 "-" "Mozilla/5.0 (compatible; Googlebot/2.1; +http://www.google.com/bot.html)"
74.6.28.17 - - [15/Dec/2007:05:10:15 -0800] "GET /index.cgi?id=Capital_Grille%2C_The;version=2;diffversion=3 HTTP/1.0" 200 7798 "-" "Mozilla/5.0 (compatible; Yahoo! Slurp; http://help.yahoo.com/help/us/ysearch/slurp)"
66.249.70.194 - - [15/Dec/2007:05:10:30 -0800] "GET /index.cgi?action=list_all_versions;id=Zelda's_Cafe HTTP/1.1" 200 6458 "-" "Mozilla/5.0 (compatible; Googlebot/2.1; +http://www.google.com/bot.html)"
66.249.70.194 - - [15/Dec/2007:05:10:51 -0800] "GET /index.cgi?id=Cafe_Lurcat;format=rdf HTTP/1.1" 200 2011 "-" "Mozilla/5.0 (compatible; Googlebot/2.1; +http://www.google.com/bot.html)"
66.249.70.194 - - [15/Dec/2007:05:12:18 -0800] "GET /index.cgi?id=Cap's_Grille;format=rdf HTTP/1.1" 200 2033 "-" "Mozilla/5.0 (compatible; Googlebot/2.1; +http://www.google.com/bot.html)"
74.6.19.79 - - [15/Dec/2007:05:12:49 -0800] "GET /index.cgi?action=show_backlinks;id=Sojourn_Campus_Church HTTP/1.0" 200 5076 "-" "Mozilla/5.0 (compatible; Yahoo! Slurp; http://help.yahoo.com/help/us/ysearch/slurp)"
66.249.70.194 - - [15/Dec/2007:05:13:46 -0800] "GET /index.cgi?action=list_all_versions;id=Fireside_Pizza-Miller's HTTP/1.1" 200 6643 "-" "Mozilla/5.0 (compatible; Googlebot/2.1; +http://www.google.com/bot.html)"
65.55.208.135 - - [15/Dec/2007:05:14:10 -0800] "GET /robots.txt HTTP/1.0" 200 31 "-" "msnbot/1.0 (+http://search.msn.com/msnbot.htm)"
65.55.208.135 - - [15/Dec/2007:05:14:11 -0800] "GET /index.cgi?Locale_Mall_Of_America HTTP/1.0" 302 0 "-" "msnbot/1.0 (+http://search.msn.com/msnbot.htm)"
74.6.22.31 - - [15/Dec/2007:05:14:11 -0800] "GET /index.cgi?id=Locale_Battle_Creek;action=edit HTTP/1.0" 200 10720 "-" "Mozilla/5.0 (compatible; Yahoo! Slurp; http://help.yahoo.com/help/us/ysearch/slurp)"
209.85.238.23 - - [15/Dec/2007:05:14:20 -0800] "GET /index.cgi?action=rc;format=rss HTTP/1.1" 304 - "-" "Feedfetcher-Google; (+http://www.google.com/feedfetcher.html; 2 subscribers; feed-id=2591756046506335941)"
66.249.70.194 - - [15/Dec/2007:05:15:14 -0800] "GET /index.cgi?id=Caffe_Europa;version=1;diffversion=2 HTTP/1.1" 200 6165 "-" "Mozilla/5.0 (compatible; Googlebot/2.1; +http://www.google.com/bot.html)"
66.249.70.194 - - [15/Dec/2007:05:16:02 -0800] "GET /index.cgi?id=Zelda's_Cafe;version=1;diffversion=2 HTTP/1.1" 200 7970 "-" "Mozilla/5.0 (compatible; Googlebot/2.1; +http://www.google.com/bot.html)"
66.249.70.194 - - [15/Dec/2007:05:16:42 -0800] "GET /index.cgi?id=German_Hot_Dog_Company;format=rdf HTTP/1.1" 200 2037 "-" "Mozilla/5.0 (compatible; Googlebot/2.1; +http://www.google.com/bot.html)"
74.6.29.22 - - [15/Dec/2007:05:17:04 -0800] "GET /?action=index;format=map HTTP/1.0" 200 618449 "-" "Mozilla/5.0 (compatible; Yahoo! Slurp; http://help.yahoo.com/help/us/ysearch/slurp)"
65.55.208.135 - - [15/Dec/2007:05:17:46 -0800] "GET /index.cgi?action=index;index_type=category;index_value=Locales;format=rss HTTP/1.0" 200 18685 "-" "msnbot/1.0 (+http://search.msn.com/msnbot.htm)"
66.249.70.194 - - [15/Dec/2007:05:18:09 -0800] "GET /index.cgi?id=Circus_Pizza;format=rdf HTTP/1.1" 200 2014 "-" "Mozilla/5.0 (compatible; Googlebot/2.1; +http://www.google.com/bot.html)"
74.6.22.12 - - [15/Dec/2007:05:19:19 -0800] "GET /index.cgi?action=show_backlinks;id=Category_Bar%2FGrill HTTP/1.0" 200 5147 "-" "Mozilla/5.0 (compatible; Yahoo! Slurp; http://help.yahoo.com/help/us/ysearch/slurp)"
66.249.70.194 - - [15/Dec/2007:05:19:37 -0800] "GET /index.cgi?id=Gold_Fountain_Chinese_Rstrnt;action=edit HTTP/1.1" 200 10766 "-" "Mozilla/5.0 (compatible; Googlebot/2.1; +http://www.google.com/bot.html)"
74.6.22.27 - - [15/Dec/2007:05:19:44 -0800] "GET /index.cgi?Category_Diners HTTP/1.0" 200 8380 "-" "Mozilla/5.0 (compatible; Yahoo! Slurp; http://help.yahoo.com/help/us/ysearch/slurp)"
66.249.70.194 - - [15/Dec/2007:05:21:04 -0800] "GET /index.cgi?id=Honors_Cafe;version=1;diffversion=2 HTTP/1.1" 200 6161 "-" "Mozilla/5.0 (compatible; Googlebot/2.1; +http://www.google.com/bot.html)"
66.249.70.194 - - [15/Dec/2007:05:22:32 -0800] "GET /index.cgi?id=Giuseppe_Italian_Ristorante;format=rdf HTTP/1.1" 200 1824 "-" "Mozilla/5.0 (compatible; Googlebot/2.1; +http://www.google.com/bot.html)"
74.6.24.225 - - [15/Dec/2007:05:23:29 -0800] "GET /index.cgi?News HTTP/1.0" 200 8089 "-" "Mozilla/5.0 (compatible; Yahoo! Slurp; http://help.yahoo.com/help/us/ysearch/slurp)"
74.6.24.42 - - [15/Dec/2007:05:23:54 -0800] "GET /index.cgi?John_A._Johnson_Achievement_Plus_Elementary HTTP/1.0" 200 11310 "-" "Mozilla/5.0 (compatible; Yahoo! Slurp; http://help.yahoo.com/help/us/ysearch/slurp)"
66.249.70.194 - - [15/Dec/2007:05:23:59 -0800] "GET /index.cgi?action=list_all_versions;id=Higher_Grounds_Coffee_Bar HTTP/1.1" 200 6000 "-" "Mozilla/5.0 (compatible; Googlebot/2.1; +http://www.google.com/bot.html)"
66.249.70.194 - - [15/Dec/2007:05:25:28 -0800] "GET /index.cgi?id=Cajun_Cafe;action=delete HTTP/1.1" 200 5576 "-" "Mozilla/5.0 (compatible; Googlebot/2.1; +http://www.google.com/bot.html)"
84.109.108.147 - - [15/Dec/2007:05:25:56 -0800] "GET /index.cgi?Checker_Board_Pizza%25253Baction%25253Dedit HTTP/1.0" 200 7368 "-" "Mozilla/4.0 (compatible; MSIE 6.0; Windows NT 5.1)"
84.109.108.147 - - [15/Dec/2007:05:26:00 -0800] "POST /search.cgi HTTP/1.0" 200 5942 "http://saintpaul.openguides.org/index.cgi?Checker_Board_Pizza%25253Baction%25253Dedit" "Mozilla/4.0 (compatible; MSIE 6.0; Windows NT 5.1)"
74.6.29.36 - - [15/Dec/2007:05:26:28 -0800] "GET /index.cgi?action=list_all_versions;id=Category_Locale HTTP/1.0" 200 5926 "-" "Mozilla/5.0 (compatible; Yahoo! Slurp; http://help.yahoo.com/help/us/ysearch/slurp)"
66.249.70.194 - - [15/Dec/2007:05:26:54 -0800] "GET /index.cgi?id=Cajun_Cafe;format=rdf HTTP/1.1" 200 1762 "-" "Mozilla/5.0 (compatible; Googlebot/2.1; +http://www.google.com/bot.html)"
66.249.70.194 - - [15/Dec/2007:05:27:04 -0800] "GET /index.cgi?id=House_Of_Mercy;version=4;diffversion=5 HTTP/1.1" 200 7327 "-" "Mozilla/5.0 (compatible; Googlebot/2.1; +http://www.google.com/bot.html)"
74.6.28.222 - - [15/Dec/2007:05:27:33 -0800] "GET /index.cgi?action=show_backlinks;id=Locale_Bloomington HTTP/1.0" 200 5145 "-" "Mozilla/5.0 (compatible; Yahoo! Slurp; http://help.yahoo.com/help/us/ysearch/slurp)"
206.51.226.196 - - [15/Dec/2007:05:27:37 -0800] "POST /index.cgi HTTP/1.1" 200 7427 "http://saintpaul.openguides.org/index.cgi" "Mozilla/4.0 (compatible; MSIE 5.01; Windows NT 5.0)"
66.249.70.194 - - [15/Dec/2007:05:28:23 -0800] "GET /index.cgi?action=list_all_versions;id=Heartthrob_Cafe_(Closed) HTTP/1.1" 200 6012 "-" "Mozilla/5.0 (compatible; Googlebot/2.1; +http://www.google.com/bot.html)"
66.249.70.194 - - [15/Dec/2007:05:29:50 -0800] "GET /index.cgi?id=Erte;version=2;diffversion=3 HTTP/1.1" 200 8260 "-" "Mozilla/5.0 (compatible; Googlebot/2.1; +http://www.google.com/bot.html)"
66.249.70.194 - - [15/Dec/2007:05:29:51 -0800] "GET /index.cgi?id=Depot_Cafe;action=delete HTTP/1.1" 200 5576 "-" "Mozilla/5.0 (compatible; Googlebot/2.1; +http://www.google.com/bot.html)"
74.6.25.14 - - [15/Dec/2007:05:29:58 -0800] "GET /index.cgi?Union_Congregational_Church HTTP/1.0" 200 10412 "-" "Mozilla/5.0 (compatible; Yahoo! Slurp; http://help.yahoo.com/help/us/ysearch/slurp)"
64.92.170.181 - - [15/Dec/2007:05:30:10 -0800] "GET /index.cgi?action=rc;format=rss HTTP/1.1" 304 - "-" "Planet OpenGuides http://everywhere.openguides.org/ Planet/0.2 http://www.planetplanet.org/ UltraLiberalFeedParser/2.7.6 +http://diveintomark.org/projects/feed_parser/"
66.249.70.194 - - [15/Dec/2007:05:30:14 -0800] "GET /index.cgi?Category_Category HTTP/1.1" 200 27643 "-" "Mozilla/5.0 (compatible; Googlebot/2.1; +http://www.google.com/bot.html)"
66.249.70.194 - - [15/Dec/2007:05:31:17 -0800] "GET /index.cgi?id=Embers_Restaurant;format=rdf HTTP/1.1" 200 1786 "-" "Mozilla/5.0 (compatible; Googlebot/2.1; +http://www.google.com/bot.html)"
66.249.70.194 - - [15/Dec/2007:05:32:35 -0800] "GET /index.cgi?action=edit;id=St._Paul_Public_Library_-_Central HTTP/1.1" 200 11089 "-" "Mozilla/5.0 (compatible; Googlebot/2.1; +http://www.google.com/bot.html)"
66.249.70.194 - - [15/Dec/2007:05:32:45 -0800] "GET /index.cgi?id=Capitol_View_Restaurant;format=rdf HTTP/1.1" 200 1801 "-" "Mozilla/5.0 (compatible; Googlebot/2.1; +http://www.google.com/bot.html)"
84.109.80.106 - - [15/Dec/2007:05:33:56 -0800] "GET /index.cgi?Checker_Board_Pizza%25253Baction%25253Dedit HTTP/1.0" 200 7368 "-" "Mozilla/4.0 (compatible; MSIE 6.0; Windows NT 5.1)"
84.109.80.106 - - [15/Dec/2007:05:34:01 -0800] "POST /search.cgi HTTP/1.0" 200 5942 "http://saintpaul.openguides.org/index.cgi?Checker_Board_Pizza%25253Baction%25253Dedit" "Mozilla/4.0 (compatible; MSIE 6.0; Windows NT 5.1)"
66.249.70.194 - - [15/Dec/2007:05:34:13 -0800] "GET /index.cgi?action=show_backlinks;id=Chesapeake_Bagel_Bakery HTTP/1.1" 200 5101 "-" "Mozilla/5.0 (compatible; Googlebot/2.1; +http://www.google.com/bot.html)"
66.232.118.80 - - [15/Dec/2007:05:34:53 -0800] "GET /index.cgi?action=edit;id=Useful_Websites HTTP/1.1" 200 10804 "-" "-"
125.248.137.50 - - [15/Dec/2007:05:34:59 -0800] "POST /index.cgi HTTP/1.0" 200 8294 "http://mobile.saintpaul.openguides.org/index.cgi?action=edit;id=Useful_Websites" "Opera/9.0 (Windows NT 5.1; U; en)"
66.249.70.194 - - [15/Dec/2007:05:35:40 -0800] "GET /index.cgi?id=Bali_Hai_(Closed);action=delete HTTP/1.1" 200 5615 "-" "Mozilla/5.0 (compatible; Googlebot/2.1; +http://www.google.com/bot.html)"
74.6.25.76 - - [15/Dec/2007:05:37:01 -0800] "GET /index.cgi?action=list_all_versions;id=Category_Joy HTTP/1.0" 200 5903 "-" "Mozilla/5.0 (compatible; Yahoo! Slurp; http://help.yahoo.com/help/us/ysearch/slurp)"
66.249.70.194 - - [15/Dec/2007:05:37:08 -0800] "GET /index.cgi?id=Frenchman's;format=rdf HTTP/1.1" 200 2018 "-" "Mozilla/5.0 (compatible; Googlebot/2.1; +http://www.google.com/bot.html)"
66.249.70.194 - - [15/Dec/2007:05:38:36 -0800] "GET /index.cgi?action=list_all_versions;id=Fort_Snelling_Club HTTP/1.1" 200 5944 "-" "Mozilla/5.0 (compatible; Googlebot/2.1; +http://www.google.com/bot.html)"
84.109.108.163 - - [15/Dec/2007:05:39:53 -0800] "GET /index.cgi?Checker_Board_Pizza%25253Baction%25253Dedit HTTP/1.0" 200 7368 "-" "Mozilla/4.0 (compatible; MSIE 6.0; Windows NT 5.1)"
66.249.70.194 - - [15/Dec/2007:05:40:03 -0800] "GET /index.cgi?action=show_backlinks;id=Gold_Fountain_Chinese_Rstrnt HTTP/1.1" 200 5116 "-" "Mozilla/5.0 (compatible; Googlebot/2.1; +http://www.google.com/bot.html)"
84.109.108.163 - - [15/Dec/2007:05:40:05 -0800] "POST /search.cgi HTTP/1.0" 200 5942 "http://saintpaul.openguides.org/index.cgi?Checker_Board_Pizza%25253Baction%25253Dedit" "Mozilla/4.0 (compatible; MSIE 6.0; Windows NT 5.1)"
66.249.70.194 - - [15/Dec/2007:05:40:52 -0800] "GET /index.cgi?action=list_all_versions;id=Broadway_Bar HTTP/1.1" 200 5918 "-" "Mozilla/5.0 (compatible; Googlebot/2.1; +http://www.google.com/bot.html)"
84.109.108.32 - - [15/Dec/2007:05:41:17 -0800] "GET /index.cgi?Checker_Board_Pizza%25253Baction%25253Dedit HTTP/1.0" 200 7368 "-" "Mozilla/4.0 (compatible; MSIE 6.0; Windows NT 5.1)"
84.109.108.32 - - [15/Dec/2007:05:41:20 -0800] "POST /search.cgi HTTP/1.0" 200 5942 "http://saintpaul.openguides.org/index.cgi?Checker_Board_Pizza%25253Baction%25253Dedit" "Mozilla/4.0 (compatible; MSIE 6.0; Windows NT 5.1)"
66.249.70.194 - - [15/Dec/2007:05:41:31 -0800] "GET /index.cgi?id=Bok_Ho_Restaurant;action=delete HTTP/1.1" 200 5611 "-" "Mozilla/5.0 (compatible; Googlebot/2.1; +http://www.google.com/bot.html)"
84.109.83.61 - - [15/Dec/2007:05:42:55 -0800] "GET /index.cgi?Checker_Board_Pizza%25253Baction%25253Dedit HTTP/1.0" 200 7368 "-" "Mozilla/4.0 (compatible; MSIE 6.0; Windows NT 5.1)"
66.249.70.194 - - [15/Dec/2007:05:42:58 -0800] "GET /index.cgi?id=Benjamin's_Family_Restaurant;format=rdf HTTP/1.1" 200 1835 "-" "Mozilla/5.0 (compatible; Googlebot/2.1; +http://www.google.com/bot.html)"
84.109.83.61 - - [15/Dec/2007:05:43:03 -0800] "POST /search.cgi HTTP/1.0" 200 5942 "http://saintpaul.openguides.org/index.cgi?Checker_Board_Pizza%25253Baction%25253Dedit" "Mozilla/4.0 (compatible; MSIE 6.0; Windows NT 5.1)"
66.249.70.194 - - [15/Dec/2007:05:44:27 -0800] "GET /index.cgi?id=Chow_Express;action=delete HTTP/1.1" 200 5586 "-" "Mozilla/5.0 (compatible; Googlebot/2.1; +http://www.google.com/bot.html)"
66.249.70.194 - - [15/Dec/2007:05:45:54 -0800] "GET /index.cgi?id=Hong_Kong_Kitchen;format=rdf HTTP/1.1" 200 2034 "-" "Mozilla/5.0 (compatible; Googlebot/2.1; +http://www.google.com/bot.html)"
66.249.70.194 - - [15/Dec/2007:05:47:22 -0800] "GET /index.cgi?id=Giuseppe's_Pizza;format=rdf HTTP/1.1" 200 1804 "-" "Mozilla/5.0 (compatible; Googlebot/2.1; +http://www.google.com/bot.html)"
74.6.20.106 - - [15/Dec/2007:05:47:49 -0800] "GET /index.cgi?Minnehaha_Baptist_Church HTTP/1.0" 200 10355 "-" "Mozilla/5.0 (compatible; Yahoo! Slurp; http://help.yahoo.com/help/us/ysearch/slurp)"
74.6.20.106 - - [15/Dec/2007:05:47:49 -0800] "GET /index.cgi?Presbytery_Of_The_Twin_Cities HTTP/1.0" 200 10454 "-" "Mozilla/5.0 (compatible; Yahoo! Slurp; http://help.yahoo.com/help/us/ysearch/slurp)"
74.6.20.106 - - [15/Dec/2007:05:47:50 -0800] "GET /index.cgi?Como_Evangelical_Free_Church HTTP/1.0" 200 10428 "-" "Mozilla/5.0 (compatible; Yahoo! Slurp; http://help.yahoo.com/help/us/ysearch/slurp)"
66.249.70.194 - - [15/Dec/2007:05:48:49 -0800] "GET /index.cgi?action=list_all_versions;id=Hearthside_Pizza HTTP/1.1" 200 5928 "-" "Mozilla/5.0 (compatible; Googlebot/2.1; +http://www.google.com/bot.html)"
84.109.80.108 - - [15/Dec/2007:05:50:18 -0800] "GET /index.cgi?Checker_Board_Pizza%25253Baction%25253Dedit HTTP/1.0" 200 7368 "-" "Mozilla/4.0 (compatible; MSIE 6.0; Windows NT 5.1)"
66.249.70.194 - - [15/Dec/2007:05:50:18 -0800] "GET /index.cgi?action=list_all_versions;id=Benihana HTTP/1.1" 200 5864 "-" "Mozilla/5.0 (compatible; Googlebot/2.1; +http://www.google.com/bot.html)"
84.109.80.108 - - [15/Dec/2007:05:50:22 -0800] "POST /search.cgi HTTP/1.0" 200 5942 "http://saintpaul.openguides.org/index.cgi?Checker_Board_Pizza%25253Baction%25253Dedit" "Mozilla/4.0 (compatible; MSIE 6.0; Windows NT 5.1)"
206.51.226.196 - - [15/Dec/2007:05:51:38 -0800] "POST /index.cgi HTTP/1.1" 200 7427 "http://saintpaul.openguides.org/index.cgi" "Mozilla/4.0 (compatible; MSIE 5.01; Windows NT 5.0)"
66.249.70.194 - - [15/Dec/2007:05:51:44 -0800] "GET /index.cgi?id=Hideaway_Cafe;version=1;diffversion=2 HTTP/1.1" 200 6169 "-" "Mozilla/5.0 (compatible; Googlebot/2.1; +http://www.google.com/bot.html)"
66.249.70.194 - - [15/Dec/2007:05:51:54 -0800] "GET /index.cgi?Gasthaus_Bavarian_Hunter HTTP/1.1" 200 10489 "-" "Mozilla/5.0 (compatible; Googlebot/2.1; +http://www.google.com/bot.html)"
74.6.22.15 - - [15/Dec/2007:05:52:01 -0800] "GET /index.cgi?id=Vietnamese_Alliance_Church;version=4;diffversion=5 HTTP/1.0" 200 7037 "-" "Mozilla/5.0 (compatible; Yahoo! Slurp; http://help.yahoo.com/help/us/ysearch/slurp)"
66.249.70.194 - - [15/Dec/2007:05:53:13 -0800] "GET /index.cgi?id=Cadao_Restaurant;format=rdf HTTP/1.1" 200 1784 "-" "Mozilla/5.0 (compatible; Googlebot/2.1; +http://www.google.com/bot.html)"
66.249.70.194 - - [15/Dec/2007:05:54:39 -0800] "GET /index.cgi?id=Brown_Derby_Lounge;action=delete HTTP/1.1" 200 5616 "-" "Mozilla/5.0 (compatible; Googlebot/2.1; +http://www.google.com/bot.html)"
74.6.25.108 - - [15/Dec/2007:05:55:19 -0800] "GET /index.cgi?action=list_all_versions;id=Ken_And_Norm%27s_Liquor HTTP/1.0" 200 5955 "-" "Mozilla/5.0 (compatible; Yahoo! Slurp; http://help.yahoo.com/help/us/ysearch/slurp)"
66.249.70.194 - - [15/Dec/2007:05:56:08 -0800] "GET /index.cgi?id=Catlin_Country;format=rdf HTTP/1.1" 200 1782 "-" "Mozilla/5.0 (compatible; Googlebot/2.1; +http://www.google.com/bot.html)"
66.249.70.194 - - [15/Dec/2007:05:57:26 -0800] "GET /index.cgi?Beirut_Restaurant_And_Deli HTTP/1.1" 200 8595 "-" "Mozilla/5.0 (compatible; Googlebot/2.1; +http://www.google.com/bot.html)"
66.249.70.194 - - [15/Dec/2007:05:57:34 -0800] "GET /index.cgi?id=Cathy's_Grade_A_Cafe;format=rdf HTTP/1.1" 200 2048 "-" "Mozilla/5.0 (compatible; Googlebot/2.1; +http://www.google.com/bot.html)"
74.6.27.19 - - [15/Dec/2007:05:58:25 -0800] "GET /index.cgi?id=Gluek%27s_Restaurant;action=edit HTTP/1.0" 200 10663 "-" "Mozilla/5.0 (compatible; Yahoo! Slurp; http://help.yahoo.com/help/us/ysearch/slurp)"
66.249.70.194 - - [15/Dec/2007:05:59:02 -0800] "GET /index.cgi?action=show_backlinks;id=Greenstreets_Apple_Valley HTTP/1.1" 200 5107 "-" "Mozilla/5.0 (compatible; Googlebot/2.1; +http://www.google.com/bot.html)"
66.249.70.194 - - [15/Dec/2007:06:00:30 -0800] "GET /index.cgi?action=show_backlinks;id=Balzinc HTTP/1.1" 200 5053 "-" "Mozilla/5.0 (compatible; Googlebot/2.1; +http://www.google.com/bot.html)"
72.21.34.26 - - [15/Dec/2007:06:01:24 -0800] "GET /index.cgi?action=edit;id=Checker_Board_Pizza%25253Baction%25253Dedit HTTP/1.1" 200 10698 "-" "-"
66.249.70.194 - - [15/Dec/2007:06:01:57 -0800] "GET /index.cgi?id=Golden_China_Restaurant;format=rdf HTTP/1.1" 200 1815 "-" "Mozilla/5.0 (compatible; Googlebot/2.1; +http://www.google.com/bot.html)"
74.6.23.114 - - [15/Dec/2007:06:02:41 -0800] "GET /index.cgi?McDonalds_(World_Trade_Center) HTTP/1.0" 200 11367 "-" "Mozilla/5.0 (compatible; Yahoo! Slurp; http://help.yahoo.com/help/us/ysearch/slurp)"
84.109.80.110 - - [15/Dec/2007:06:02:48 -0800] "GET /index.cgi?Checker_Board_Pizza%25253Baction%25253Dedit HTTP/1.0" 200 7368 "-" "Mozilla/4.0 (compatible; MSIE 6.0; Windows NT 5.1)"
84.109.80.110 - - [15/Dec/2007:06:02:53 -0800] "POST /search.cgi HTTP/1.0" 200 5942 "http://saintpaul.openguides.org/index.cgi?Checker_Board_Pizza%25253Baction%25253Dedit" "Mozilla/4.0 (compatible; MSIE 6.0; Windows NT 5.1)"
84.109.83.62 - - [15/Dec/2007:06:03:08 -0800] "GET /index.cgi?Checker_Board_Pizza%25253Baction%25253Dedit HTTP/1.0" 200 7368 "-" "Mozilla/4.0 (compatible; MSIE 6.0; Windows NT 5.1)"
84.109.83.62 - - [15/Dec/2007:06:03:11 -0800] "POST /search.cgi HTTP/1.0" 200 5942 "http://saintpaul.openguides.org/index.cgi?Checker_Board_Pizza%25253Baction%25253Dedit" "Mozilla/4.0 (compatible; MSIE 6.0; Windows NT 5.1)"
66.249.70.194 - - [15/Dec/2007:06:03:25 -0800] "GET /index.cgi?action=show_backlinks;id=Bombay_Bicycle_Club_(Closed) HTTP/1.1" 200 5116 "-" "Mozilla/5.0 (compatible; Googlebot/2.1; +http://www.google.com/bot.html)"
65.55.208.134 - - [15/Dec/2007:06:04:13 -0800] "GET /robots.txt HTTP/1.0" 200 31 "-" "msnbot/1.0 (+http://search.msn.com/msnbot.htm)"
65.55.208.134 - - [15/Dec/2007:06:04:14 -0800] "GET /search.cgi HTTP/1.0" 200 5984 "-" "msnbot/1.0 (+http://search.msn.com/msnbot.htm)"
66.249.70.194 - - [15/Dec/2007:06:04:52 -0800] "GET /index.cgi?action=list_all_versions;id=D_D_'s_Cafe HTTP/1.1" 200 5898 "-" "Mozilla/5.0 (compatible; Googlebot/2.1; +http://www.google.com/bot.html)"
66.249.70.194 - - [15/Dec/2007:06:05:42 -0800] "GET /index.cgi?action=list_all_versions;id=Terminal_Bar HTTP/1.1" 200 5892 "-" "Mozilla/5.0 (compatible; Googlebot/2.1; +http://www.google.com/bot.html)"
65.55.165.124 - - [15/Dec/2007:06:05:44 -0800] "GET /search.cgi HTTP/1.0" 200 5984 "http://search.live.com/results.aspx?q=search&mrt=en-us&FORM=LIVSOP" "Mozilla/4.0 (compatible; MSIE 7.0; Windows NT 5.2; .NET CLR 1.1.4322)"
65.55.165.124 - - [15/Dec/2007:06:05:44 -0800] "GET /style/main.css HTTP/1.0" 200 6526 "http://saintpaul.openguides.org/search.cgi" "Mozilla/4.0 (compatible; MSIE 7.0; Windows NT 5.2; .NET CLR 1.1.4322)"
66.249.70.194 - - [15/Dec/2007:06:06:21 -0800] "GET /index.cgi?action=show_backlinks;id=Cobblestone_Deli HTTP/1.1" 200 5080 "-" "Mozilla/5.0 (compatible; Googlebot/2.1; +http://www.google.com/bot.html)"
72.30.179.237 - - [15/Dec/2007:06:06:40 -0800] "GET /index.cgi?id=Category_Minneapolis;version=1 HTTP/1.0" 200 7121 "-" "Mozilla/5.0 (compatible; Yahoo! Slurp; http://help.yahoo.com/help/us/ysearch/slurp)"
84.109.80.111 - - [15/Dec/2007:06:06:59 -0800] "GET /index.cgi?Checker_Board_Pizza%25253Baction%25253Dedit HTTP/1.0" 200 7368 "-" "Mozilla/4.0 (compatible; MSIE 6.0; Windows NT 5.1)"
84.109.80.111 - - [15/Dec/2007:06:07:13 -0800] "POST /search.cgi HTTP/1.0" 200 5942 "http://saintpaul.openguides.org/index.cgi?Checker_Board_Pizza%25253Baction%25253Dedit" "Mozilla/4.0 (compatible; MSIE 6.0; Windows NT 5.1)"
66.249.70.194 - - [15/Dec/2007:06:07:47 -0800] "GET /index.cgi?id=Benihana;format=rdf HTTP/1.1" 200 1764 "-" "Mozilla/5.0 (compatible; Googlebot/2.1; +http://www.google.com/bot.html)"
66.249.70.194 - - [15/Dec/2007:06:08:28 -0800] "GET /index.cgi?Biscuits_And_Blues_(Closed) HTTP/1.1" 200 10593 "-" "Mozilla/5.0 (compatible; Googlebot/2.1; +http://www.google.com/bot.html)"
74.6.23.206 - - [15/Dec/2007:06:08:48 -0800] "GET /index.cgi?Good_Earth_Restaurant HTTP/1.0" 200 10386 "-" "Mozilla/5.0 (compatible; Yahoo! Slurp; http://help.yahoo.com/help/us/ysearch/slurp)"
66.249.70.194 - - [15/Dec/2007:06:09:16 -0800] "GET /index.cgi?action=show_backlinks;id=Cisco's_Mexican_Cafe HTTP/1.1" 200 5092 "-" "Mozilla/5.0 (compatible; Googlebot/2.1; +http://www.google.com/bot.html)"
74.6.22.11 - - [15/Dec/2007:06:10:06 -0800] "GET /index.cgi?action=index;index_type=category;index_value=Search%20Engine HTTP/1.0" 200 5839 "-" "Mozilla/5.0 (compatible; Yahoo! Slurp; http://help.yahoo.com/help/us/ysearch/slurp)"
66.249.70.194 - - [15/Dec/2007:06:10:43 -0800] "GET /index.cgi?id=Bon_Vie;version=1;diffversion=2 HTTP/1.1" 200 6145 "-" "Mozilla/5.0 (compatible; Googlebot/2.1; +http://www.google.com/bot.html)"
66.249.70.194 - - [15/Dec/2007:06:12:12 -0800] "GET /index.cgi?action=list_all_versions;id=Boogies_Diner HTTP/1.1" 200 6505 "-" "Mozilla/5.0 (compatible; Googlebot/2.1; +http://www.google.com/bot.html)"
74.6.20.121 - - [15/Dec/2007:06:12:18 -0800] "GET /index.cgi?id=Category_Minneapolis;action=delete HTTP/1.0" 200 5607 "-" "Mozilla/5.0 (compatible; Yahoo! Slurp; http://help.yahoo.com/help/us/ysearch/slurp)"
66.249.70.194 - - [15/Dec/2007:06:13:38 -0800] "GET /index.cgi?id=Cedar_St_Cafe;format=rdf HTTP/1.1" 200 1767 "-" "Mozilla/5.0 (compatible; Googlebot/2.1; +http://www.google.com/bot.html)"
74.6.24.208 - - [15/Dec/2007:06:13:56 -0800] "GET /index.cgi?action=about HTTP/1.0" 200 2643 "-" "Mozilla/5.0 (compatible; Yahoo! Slurp; http://help.yahoo.com/help/us/ysearch/slurp)"
209.85.238.23 - - [15/Dec/2007:06:14:21 -0800] "GET /index.cgi?action=rc;format=rss HTTP/1.1" 304 - "-" "Feedfetcher-Google; (+http://www.google.com/feedfetcher.html; 2 subscribers; feed-id=2591756046506335941)"
66.249.70.194 - - [15/Dec/2007:06:15:07 -0800] "GET /index.cgi?id=Happy_Chef_Restaurant;format=rdf HTTP/1.1" 200 1800 "-" "Mozilla/5.0 (compatible; Googlebot/2.1; +http://www.google.com/bot.html)"
74.6.27.114 - - [15/Dec/2007:06:16:15 -0800] "GET /index.cgi?id=Locale_Longfellow;action=edit HTTP/1.0" 200 10700 "-" "Mozilla/5.0 (compatible; Yahoo! Slurp; http://help.yahoo.com/help/us/ysearch/slurp)"
66.249.70.194 - - [15/Dec/2007:06:16:33 -0800] "GET /index.cgi?action=show_backlinks;id=Bierstube HTTP/1.1" 200 5059 "-" "Mozilla/5.0 (compatible; Googlebot/2.1; +http://www.google.com/bot.html)"
66.249.70.194 - - [15/Dec/2007:06:16:45 -0800] "GET /index.cgi?action=rc;format=rss;category=movie%20theaters HTTP/1.1" 304 - "-" "Mozilla/5.0 (compatible; Googlebot/2.1; +http://www.google.com/bot.html)"
66.249.70.194 - - [15/Dec/2007:06:18:02 -0800] "GET /index.cgi?id=Hugo's;format=rdf HTTP/1.1" 200 1767 "-" "Mozilla/5.0 (compatible; Googlebot/2.1; +http://www.google.com/bot.html)"
74.6.27.35 - - [15/Dec/2007:06:18:17 -0800] "GET /index.cgi?Hickory_Hut HTTP/1.0" 200 8578 "-" "Mozilla/5.0 (compatible; Yahoo! Slurp; http://help.yahoo.com/help/us/ysearch/slurp)"
66.249.70.194 - - [15/Dec/2007:06:19:28 -0800] "GET /index.cgi?id=Holiday_House;format=rdf HTTP/1.1" 200 1766 "-" "Mozilla/5.0 (compatible; Googlebot/2.1; +http://www.google.com/bot.html)"
66.249.70.194 - - [15/Dec/2007:06:19:30 -0800] "GET /index.cgi?id=Category_Greek_Food;format=rdf HTTP/1.1" 200 1543 "-" "Mozilla/5.0 (compatible; Googlebot/2.1; +http://www.google.com/bot.html)"
66.249.70.194 - - [15/Dec/2007:06:20:58 -0800] "GET /index.cgi?id=El_Meson;action=delete HTTP/1.1" 200 5566 "-" "Mozilla/5.0 (compatible; Googlebot/2.1; +http://www.google.com/bot.html)"
74.6.29.41 - - [15/Dec/2007:06:21:13 -0800] "GET /index.cgi?St_Leonard_Of_Pt_Maurice HTTP/1.0" 200 10356 "-" "Mozilla/5.0 (compatible; Yahoo! Slurp; http://help.yahoo.com/help/us/ysearch/slurp)"
66.249.70.194 - - [15/Dec/2007:06:22:24 -0800] "GET /index.cgi?action=list_all_versions;id=Hanny's_Steak_House HTTP/1.1" 200 5962 "-" "Mozilla/5.0 (compatible; Googlebot/2.1; +http://www.google.com/bot.html)"
66.249.70.194 - - [15/Dec/2007:06:23:51 -0800] "GET /index.cgi?action=list_all_versions;id=Depot_Cafe HTTP/1.1" 200 5880 "-" "Mozilla/5.0 (compatible; Googlebot/2.1; +http://www.google.com/bot.html)"
74.6.27.36 - - [15/Dec/2007:06:23:55 -0800] "GET /index.cgi?Fazoli's HTTP/1.0" 200 10186 "-" "Mozilla/5.0 (compatible; Yahoo! Slurp; http://help.yahoo.com/help/us/ysearch/slurp)"
72.21.34.26 - - [15/Dec/2007:06:24:26 -0800] "GET /index.cgi?action=edit;id=Checker_Board_Pizza%25253Baction%25253Dedit HTTP/1.1" 200 10698 "-" "-"
66.249.70.194 - - [15/Dec/2007:06:25:19 -0800] "GET /index.cgi?action=list_all_versions;id=China_House_Chinese_Cuisine HTTP/1.1" 200 6016 "-" "Mozilla/5.0 (compatible; Googlebot/2.1; +http://www.google.com/bot.html)"
66.249.70.194 - - [15/Dec/2007:06:26:46 -0800] "GET /index.cgi?id=Brontes;format=rdf HTTP/1.1" 200 1759 "-" "Mozilla/5.0 (compatible; Googlebot/2.1; +http://www.google.com/bot.html)"
66.249.70.194 - - [15/Dec/2007:06:27:47 -0800] "GET /index.cgi?action=show_backlinks;id=Category_Churches_Miscellaneous HTTP/1.1" 200 5230 "-" "Mozilla/5.0 (compatible; Googlebot/2.1; +http://www.google.com/bot.html)"
66.249.70.194 - - [15/Dec/2007:06:28:15 -0800] "GET /index.cgi?id=Bridgeman's_Restaurant;format=rdf HTTP/1.1" 200 2055 "-" "Mozilla/5.0 (compatible; Googlebot/2.1; +http://www.google.com/bot.html)"
74.6.26.119 - - [15/Dec/2007:06:28:41 -0800] "GET /index.cgi?action=edit;id=Flying_Tiger_Bar HTTP/1.0" 200 10646 "-" "Mozilla/5.0 (compatible; Yahoo! Slurp; http://help.yahoo.com/help/us/ysearch/slurp)"
66.249.70.194 - - [15/Dec/2007:06:29:42 -0800] "GET /index.cgi?id=Higgins'_Pub;action=delete HTTP/1.1" 200 5588 "-" "Mozilla/5.0 (compatible; Googlebot/2.1; +http://www.google.com/bot.html)"
64.92.170.181 - - [15/Dec/2007:06:30:20 -0800] "GET /index.cgi?action=rc;format=rss HTTP/1.1" 304 - "-" "Planet OpenGuides http://everywhere.openguides.org/ Planet/0.2 http://www.planetplanet.org/ UltraLiberalFeedParser/2.7.6 +http://diveintomark.org/projects/feed_parser/"
66.249.70.194 - - [15/Dec/2007:06:30:33 -0800] "GET /index.cgi?action=list_all_versions;id=Category_Resautrant HTTP/1.1" 200 5973 "-" "Mozilla/5.0 (compatible; Googlebot/2.1; +http://www.google.com/bot.html)"
66.249.70.194 - - [15/Dec/2007:06:31:10 -0800] "GET /index.cgi?id=Crystal_K_Wong_Chow_Mein;action=delete HTTP/1.1" 200 5646 "-" "Mozilla/5.0 (compatible; Googlebot/2.1; +http://www.google.com/bot.html)"
66.249.70.194 - - [15/Dec/2007:06:32:37 -0800] "GET /index.cgi?id=Gold_Fountain_Chinese_Rstrnt;format=rdf HTTP/1.1" 200 1820 "-" "Mozilla/5.0 (compatible; Googlebot/2.1; +http://www.google.com/bot.html)"
66.249.70.194 - - [15/Dec/2007:06:34:06 -0800] "GET /index.cgi?action=show_backlinks;id=Corky's_Snack_Shop HTTP/1.1" 200 5086 "-" "Mozilla/5.0 (compatible; Googlebot/2.1; +http://www.google.com/bot.html)"
66.249.70.194 - - [15/Dec/2007:06:35:32 -0800] "GET /index.cgi?action=list_all_versions;id=Downtowner_Woodfire_Grill HTTP/1.1" 200 6000 "-" "Mozilla/5.0 (compatible; Googlebot/2.1; +http://www.google.com/bot.html)"
67.190.193.88 - - [15/Dec/2007:06:36:24 -0800] "GET /index.cgi?Northeast_State_Bank HTTP/1.1" 200 10300 "http://www.google.com/hws/search?hl=en&client=dell&channel=us-psp&ibd=&q=northeast+state+bank&Submit=Google+Search" "Mozilla/4.0 (compatible; MSIE 7.0; Windows NT 5.1; .NET CLR 1.1.4322)"
67.190.193.88 - - [15/Dec/2007:06:36:25 -0800] "GET /style/main.css HTTP/1.1" 200 6526 "http://saintpaul.openguides.org/index.cgi?Northeast_State_Bank" "Mozilla/4.0 (compatible; MSIE 7.0; Windows NT 5.1; .NET CLR 1.1.4322)"
67.190.193.88 - - [15/Dec/2007:06:36:28 -0800] "GET /index.cgi?action=about;format=opensearch HTTP/1.1" 200 661 "-" "Mozilla/4.0 (compatible; MSIE 7.0; Windows NT 5.1; .NET CLR 1.1.4322)"
67.190.193.88 - - [15/Dec/2007:06:36:28 -0800] "GET /images/ogsp_banner.jpg HTTP/1.1" 200 206115 "http://saintpaul.openguides.org/index.cgi?Northeast_State_Bank" "Mozilla/4.0 (compatible; MSIE 7.0; Windows NT 5.1; .NET CLR 1.1.4322)"
67.190.193.88 - - [15/Dec/2007:06:36:28 -0800] "GET /favicon.ico HTTP/1.1" 200 0 "-" "Mozilla/4.0 (compatible; MSIE 7.0; Windows NT 5.1; .NET CLR 1.1.4322)"
66.249.70.194 - - [15/Dec/2007:06:37:02 -0800] "GET /index.cgi?action=list_all_versions;id=Gold_Leaf HTTP/1.1" 200 5872 "-" "Mozilla/5.0 (compatible; Googlebot/2.1; +http://www.google.com/bot.html)"
66.249.70.194 - - [15/Dec/2007:06:38:27 -0800] "GET /index.cgi?action=list_all_versions;id=Ho_Ho_Gourmet HTTP/1.1" 200 5904 "-" "Mozilla/5.0 (compatible; Googlebot/2.1; +http://www.google.com/bot.html)"
74.6.25.141 - - [15/Dec/2007:06:38:34 -0800] "GET /index.cgi?St_Clement's_Church HTTP/1.0" 200 10291 "-" "Mozilla/5.0 (compatible; Yahoo! Slurp; http://help.yahoo.com/help/us/ysearch/slurp)"
66.249.70.194 - - [15/Dec/2007:06:39:57 -0800] "GET /index.cgi?id=House_Of_Wong;format=rdf HTTP/1.1" 200 1776 "-" "Mozilla/5.0 (compatible; Googlebot/2.1; +http://www.google.com/bot.html)"
206.51.232.109 - - [15/Dec/2007:06:40:24 -0800] "GET /index.cgi?id=Checker_Board_Pizza;action=edit HTTP/1.1" 200 10886 "-" "-"
203.10.110.131 - - [15/Dec/2007:06:40:28 -0800] "POST /index.cgi HTTP/1.1" 200 7630 "http://saintpaul.openguides.org/index.cgi?id=Checker_Board_Pizza;action=edit" "Opera/9.0 (Windows NT 5.1; U; en)"
66.249.70.194 - - [15/Dec/2007:06:41:22 -0800] "GET /index.cgi?id=Dino's_Gyros;action=delete HTTP/1.1" 200 5588 "-" "Mozilla/5.0 (compatible; Googlebot/2.1; +http://www.google.com/bot.html)"
74.6.22.206 - - [15/Dec/2007:06:42:10 -0800] "GET /index.cgi?action=show_backlinks;id=Category_Locales HTTP/1.0" 200 5213 "-" "Mozilla/5.0 (compatible; Yahoo! Slurp; http://help.yahoo.com/help/us/ysearch/slurp)"
66.249.70.194 - - [15/Dec/2007:06:42:53 -0800] "GET /index.cgi?id=Grand_Shanghai_Express;format=rdf HTTP/1.1" 200 1791 "-" "Mozilla/5.0 (compatible; Googlebot/2.1; +http://www.google.com/bot.html)"
74.6.29.22 - - [15/Dec/2007:06:42:58 -0800] "GET /index.cgi?action=list_all_versions;id=Category_Aviation HTTP/1.0" 200 6486 "-" "Mozilla/5.0 (compatible; Yahoo! Slurp; http://help.yahoo.com/help/us/ysearch/slurp)"
74.6.24.205 - - [15/Dec/2007:06:43:36 -0800] "GET /index.cgi?action=show_backlinks;id=Category_Pizza HTTP/1.0" 200 5125 "-" "Mozilla/5.0 (compatible; Yahoo! Slurp; http://help.yahoo.com/help/us/ysearch/slurp)"
66.249.70.194 - - [15/Dec/2007:06:44:17 -0800] "GET /index.cgi?id=El_Gallito;action=delete HTTP/1.1" 200 5576 "-" "Mozilla/5.0 (compatible; Googlebot/2.1; +http://www.google.com/bot.html)"
66.249.70.194 - - [15/Dec/2007:06:45:49 -0800] "GET /index.cgi?id=Citti_Caffe;format=rdf HTTP/1.1" 200 1765 "-" "Mozilla/5.0 (compatible; Googlebot/2.1; +http://www.google.com/bot.html)"
66.249.70.194 - - [15/Dec/2007:06:47:13 -0800] "GET /index.cgi?action=show_backlinks;id=Chinese_Food_Fortune_Cookie HTTP/1.1" 200 5113 "-" "Mozilla/5.0 (compatible; Googlebot/2.1; +http://www.google.com/bot.html)"
66.249.70.194 - - [15/Dec/2007:06:48:40 -0800] "GET /index.cgi?id=Chinese_Food_Fortune_Cookie;format=rdf HTTP/1.1" 200 1819 "-" "Mozilla/5.0 (compatible; Googlebot/2.1; +http://www.google.com/bot.html)"
66.249.70.194 - - [15/Dec/2007:06:49:52 -0800] "GET /index.cgi?id=Category_African_Food;format=rdf HTTP/1.1" 200 1549 "-" "Mozilla/5.0 (compatible; Googlebot/2.1; +http://www.google.com/bot.html)"
66.249.70.194 - - [15/Dec/2007:06:50:08 -0800] "GET /index.cgi?id=Cisco's_Mexican_Cafe;action=delete HTTP/1.1" 200 5628 "-" "Mozilla/5.0 (compatible; Googlebot/2.1; +http://www.google.com/bot.html)"
